Component: ARM Compiler 5.06 update 6 (build 750) Tool: armlink [4d35ed]

==============================================================================

Section Cross References

    main.o(i.HAL_TIM_PeriodElapsedCallback) refers to stm32f4xx_hal.o(i.HAL_IncTick) for HAL_IncTick
    main.o(i.SystemClock_Config) refers to memseta.o(.text) for __aeabi_memclr4
    main.o(i.SystemClock_Config) refers to stm32f4xx_hal_rcc.o(i.HAL_RCC_OscConfig) for HAL_RCC_OscConfig
    main.o(i.SystemClock_Config) refers to main.o(i.Error_Handler) for Error_Handler
    main.o(i.SystemClock_Config) refers to stm32f4xx_hal_rcc.o(i.HAL_RCC_ClockConfig) for HAL_RCC_ClockConfig
    main.o(i.main) refers to stm32f4xx_hal.o(i.HAL_Init) for HAL_Init
    main.o(i.main) refers to main.o(i.SystemClock_Config) for SystemClock_Config
    main.o(i.main) refers to gpio.o(i.MX_GPIO_Init) for MX_GPIO_Init
    main.o(i.main) refers to dma.o(i.MX_DMA_Init) for MX_DMA_Init
    main.o(i.main) refers to can.o(i.MX_CAN1_Init) for MX_CAN1_Init
    main.o(i.main) refers to can.o(i.MX_CAN2_Init) for MX_CAN2_Init
    main.o(i.main) refers to usart.o(i.MX_USART1_UART_Init) for MX_USART1_UART_Init
    main.o(i.main) refers to usart.o(i.MX_UART8_Init) for MX_UART8_Init
    main.o(i.main) refers to usart.o(i.MX_USART6_UART_Init) for MX_USART6_UART_Init
    main.o(i.main) refers to usart.o(i.MX_USART3_UART_Init) for MX_USART3_UART_Init
    main.o(i.main) refers to tim.o(i.MX_TIM5_Init) for MX_TIM5_Init
    main.o(i.main) refers to rng.o(i.MX_RNG_Init) for MX_RNG_Init
    main.o(i.main) refers to usart.o(i.MX_UART7_Init) for MX_UART7_Init
    main.o(i.main) refers to freertos.o(i.MX_FREERTOS_Init) for MX_FREERTOS_Init
    main.o(i.main) refers to cmsis_os.o(i.osKernelStart) for osKernelStart
    gpio.o(i.MX_GPIO_Init) refers to memseta.o(.text) for __aeabi_memclr4
    gpio.o(i.MX_GPIO_Init) refers to stm32f4xx_hal_gpio.o(i.HAL_GPIO_Init) for HAL_GPIO_Init
    freertos.o(i.Can1_Receive) refers to queue.o(i.xQueueReceive) for xQueueReceive
    freertos.o(i.Can1_Receive) refers to memcpya.o(.text) for __aeabi_memcpy4
    freertos.o(i.Can1_Receive) refers to gm6020.o(i.GM6020_Yaw_getInfo) for GM6020_Yaw_getInfo
    freertos.o(i.Can1_Receive) refers to gm6020.o(i.GM6020_Pitch_getInfo) for GM6020_Pitch_getInfo
    freertos.o(i.Can1_Receive) refers to m3508.o(i.M3508_getInfo) for M3508_getInfo
    freertos.o(i.Can1_Receive) refers to freertos.o(.data) for CAN1_Queue
    freertos.o(i.Can2_Reivece) refers to queue.o(i.xQueueReceive) for xQueueReceive
    freertos.o(i.Can2_Reivece) refers to memcpya.o(.text) for __aeabi_memcpy4
    freertos.o(i.Can2_Reivece) refers to dji_c_imu.o(i.DJI_C_Euler_getInfo) for DJI_C_Euler_getInfo
    freertos.o(i.Can2_Reivece) refers to dji_c_imu.o(i.DJI_C_Gyro_getInfo) for DJI_C_Gyro_getInfo
    freertos.o(i.Can2_Reivece) refers to freertos.o(.data) for CAN2_Queue
    freertos.o(i.Data_Updata) refers to tasks.o(i.xTaskGetTickCount) for xTaskGetTickCount
    freertos.o(i.Data_Updata) refers to dji_c_imu.o(i.Updata_Hand_Euler_Gyro_Data) for Updata_Hand_Euler_Gyro_Data
    freertos.o(i.Data_Updata) refers to vision_control.o(i.Updata_VisionData_Hand) for Updata_VisionData_Hand
    freertos.o(i.Data_Updata) refers to tasks.o(i.vTaskDelayUntil) for vTaskDelayUntil
    freertos.o(i.Data_Updata) refers to chassis_control.o(.data) for Chassis_FUN
    freertos.o(i.Data_Updata) refers to robots_control.o(.data) for Robots_Control_FUN
    freertos.o(i.MX_FREERTOS_Init) refers to queue.o(i.xQueueGenericCreate) for xQueueGenericCreate
    freertos.o(i.MX_FREERTOS_Init) refers to memcpya.o(.text) for __aeabi_memcpy4
    freertos.o(i.MX_FREERTOS_Init) refers to cmsis_os.o(i.osThreadCreate) for osThreadCreate
    freertos.o(i.MX_FREERTOS_Init) refers to freertos.o(.data) for CAN1_Queue
    freertos.o(i.MX_FREERTOS_Init) refers to freertos.o(.constdata) for .constdata
    freertos.o(i.Robot_Control) refers to tasks.o(i.xTaskGetTickCount) for xTaskGetTickCount
    freertos.o(i.Robot_Control) refers to m3508.o(i.M3508s1_setCurrent) for M3508s1_setCurrent
    freertos.o(i.Robot_Control) refers to tasks.o(i.vTaskDelayUntil) for vTaskDelayUntil
    freertos.o(i.Robot_Control) refers to chassis_control.o(.data) for Chassis_FUN
    freertos.o(i.Robot_Control) refers to chassis_control.o(.bss) for Chassis
    freertos.o(i.Robot_Control) refers to shoot_control.o(.bss) for Shoot
    freertos.o(i.Robot_Control) refers to break.o(.data) for send_to_break
    freertos.o(i.Robot_Detec) refers to tasks.o(i.xTaskGetTickCount) for xTaskGetTickCount
    freertos.o(i.Robot_Detec) refers to robots_detection.o(i.Offline_Clear_FPS) for Offline_Clear_FPS
    freertos.o(i.Robot_Detec) refers to robots_detection.o(i.IMUFPS_0_Emergency_status) for IMUFPS_0_Emergency_status
    freertos.o(i.Robot_Detec) refers to tasks.o(i.vTaskDelayUntil) for vTaskDelayUntil
    freertos.o(i.Robot_Init) refers to user_uart.o(i.USART_RX_DMA_ENABLE) for USART_RX_DMA_ENABLE
[...]
    SencondOrder_Kalman_Calucate             0x08008b89   Thumb Code   434  kalman.o(i.SencondOrder_Kalman_Calucate)
    SencondOrder_Kalman_Parameter_Init       0x08008d3b   Thumb Code   316  kalman.o(i.SencondOrder_Kalman_Parameter_Init)
    Sensor_L_DataReceive                     0x08008e79   Thumb Code    96  sensor.o(i.Sensor_L_DataReceive)
    Sensor_R_DataReceive                     0x08008ee1   Thumb Code    96  sensor.o(i.Sensor_R_DataReceive)
    Shoot_Control                            0x08008f49   Thumb Code   340  shoot_control.o(i.Shoot_Control)
    Shoot_Init                               0x080090ad   Thumb Code   198  shoot_control.o(i.Shoot_Init)
    Show_Debug                               0x080091a9   Thumb Code    62  freertos.o(i.Show_Debug)
    SysTick_Handler                          0x080091f1   Thumb Code    46  port.o(i.SysTick_Handler)
    SystemClock_Config                       0x08009225   Thumb Code   170  main.o(i.SystemClock_Config)
    SystemInit                               0x080092d9   Thumb Code    24  system_stm32f4xx.o(i.SystemInit)
    TIM6_DAC_IRQHandler                      0x080092f5   Thumb Code    10  stm32f4xx_it.o(i.TIM6_DAC_IRQHandler)
    TIM_Base_SetConfig                       0x08009305   Thumb Code   170  stm32f4xx_hal_tim.o(i.TIM_Base_SetConfig)
    TIM_CCxChannelCmd                        0x080093dd   Thumb Code    34  stm32f4xx_hal_tim.o(i.TIM_CCxChannelCmd)
    UART7_IRQHandler                         0x08009401   Thumb Code    16  stm32f4xx_it.o(i.UART7_IRQHandler)
    UART8_IRQHandler                         0x08009415   Thumb Code    16  stm32f4xx_it.o(i.UART8_IRQHandler)
    USART1_IRQHandler                        0x08009975   Thumb Code    16  stm32f4xx_it.o(i.USART1_IRQHandler)
    USART3_IRQHandler                        0x08009989   Thumb Code    16  stm32f4xx_it.o(i.USART3_IRQHandler)
    USART_RX_DMA_ENABLE                      0x0800999d   Thumb Code    68  user_uart.o(i.USART_RX_DMA_ENABLE)
    Updata_Chassis_Sensor                    0x080099e1   Thumb Code    28  chassis_control.o(i.Updata_Chassis_Sensor)
    Updata_Control_RobotStatus               0x08009a05   Thumb Code    96  robots_control.o(i.Updata_Control_RobotStatus)
    Updata_Direct_RobotStatus                0x08009a75   Thumb Code   650  robots_control.o(i.Updata_Direct_RobotStatus)
    Updata_Dropblood_RobotStatus             0x08009d0d   Thumb Code   156  robots_control.o(i.Updata_Dropblood_RobotStatus)
    Updata_Frenzytimes_RobotStatus           0x08009db1   Thumb Code   108  robots_control.o(i.Updata_Frenzytimes_RobotStatus)
    Updata_Hand_Euler_Gyro_Data              0x08009e25   Thumb Code   298  dji_c_imu.o(i.Updata_Hand_Euler_Gyro_Data)
    Updata_Heat_RobotStatus                  0x08009f6d   Thumb Code    64  robots_control.o(i.Updata_Heat_RobotStatus)
    Updata_Outpost_RobotStatus               0x08009fc1   Thumb Code    60  robots_control.o(i.Updata_Outpost_RobotStatus)
    Updata_RobotStatus                       0x0800a009   Thumb Code    24  robots_control.o(i.Updata_RobotStatus)
    Updata_Snipetime_RobotStatus             0x0800a021   Thumb Code   190  robots_control.o(i.Updata_Snipetime_RobotStatus)
    Updata_VisionData_Hand                   0x0800a0e5   Thumb Code   378  vision_control.o(i.Updata_VisionData_Hand)
    Updata_edBullet_RobotStatus              0x0800a27d   Thumb Code    36  robots_control.o(i.Updata_edBullet_RobotStatus)
    Update_DR16_RobotStatus                  0x0800a2a9   Thumb Code   200  robots_control.o(i.Update_DR16_RobotStatus)
    Update_Vision_RobotStatus                0x0800a37d   Thumb Code    40  robots_control.o(i.Update_Vision_RobotStatus)
    UsageFault_Handler                       0x0800a3ad   Thumb Code     4  stm32f4xx_it.o(i.UsageFault_Handler)
    Value_Limit                              0x0800a3b1   Thumb Code    56  user_math.o(i.Value_Limit)
    Verify_CRC16_Check_Sum                   0x0800a3e9   Thumb Code    60  rm_judgesystem.o(i.Verify_CRC16_Check_Sum)
    VisionData_Hand_Smooth_Processing        0x0800a429   Thumb Code   312  vision_control.o(i.VisionData_Hand_Smooth_Processing)
    Vision_Control_Cloud                     0x0800a575   Thumb Code   906  vision_control.o(i.Vision_Control_Cloud)
    Vision_Control_Init                      0x0800a921   Thumb Code   136  vision_control.o(i.Vision_Control_Init)
    Vision_Emergency_Processing              0x0800a9d9   Thumb Code   152  vision_control.o(i.Vision_Emergency_Processing)
    Vision_PID_Init                          0x0800aa8d   Thumb Code   414  vision_control.o(i.Vision_PID_Init)
    Vision_SendD                             0x0800ac8d   Thumb Code   176  freertos.o(i.Vision_SendD)
    __ARM_fpclassify                         0x0800ad61   Thumb Code    48  fpclassify.o(i.__ARM_fpclassify)
    __hardfp_asin                            0x0800adc9   Thumb Code   770  asin.o(i.__hardfp_asin)
    __hardfp_exp                             0x0800b129   Thumb Code   714  exp.o(i.__hardfp_exp)
    __hardfp_fabs                            0x0800b481   Thumb Code    20  fabs.o(i.__hardfp_fabs)
    __hardfp_log                             0x0800b499   Thumb Code   872  log.o(i.__hardfp_log)
    __hardfp_pow                             0x0800b861   Thumb Code  3072  pow.o(i.__hardfp_pow)
    __hardfp_sin                             0x0800c4b1   Thumb Code   180  sin.o(i.__hardfp_sin)
    __ieee754_rem_pio2                       0x0800c579   Thumb Code   938  rred.o(i.__ieee754_rem_pio2)
    __kernel_cos                             0x0800c9b1   Thumb Code   322  cos_i.o(i.__kernel_cos)
    __kernel_poly                            0x0800cb21   Thumb Code   248  poly.o(i.__kernel_poly)
    __kernel_sin                             0x0800cc19   Thumb Code   280  sin_i.o(i.__kernel_sin)
    __mathlib_dbl_divzero                    0x0800cd49   Thumb Code    28  dunder.o(i.__mathlib_dbl_divzero)
    __mathlib_dbl_infnan                     0x0800cd79   Thumb Code    20  dunder.o(i.__mathlib_dbl_infnan)
    __mathlib_dbl_infnan2                    0x0800cd8d   Thumb Code    20  dunder.o(i.__mathlib_dbl_infnan2)
    __mathlib_dbl_invalid                    0x0800cda1   Thumb Code    24  dunder.o(i.__mathlib_dbl_invalid)
    __mathlib_dbl_overflow                   0x0800cdc1   Thumb Code    24  dunder.o(i.__mathlib_dbl_overflow)
    __mathlib_dbl_underflow                  0x0800cde1   Thumb Code    24  dunder.o(i.__mathlib_dbl_underflow)
    __scatterload_copy                       0x0800ce01   Thumb Code    14  handlers.o(i.__scatterload_copy)
    __scatterload_null                       0x0800ce0f   Thumb Code     2  handlers.o(i.__scatterload_null)
    __scatterload_zeroinit                   0x0800ce11   Thumb Code    14  handlers.o(i.__scatterload_zeroinit)
    __set_errno                              0x0800ce21   Thumb Code     6  errno.o(i.__set_errno)
    break_control                            0x0800ce2d   Thumb Code   628  break.o(i.break_control)
    break_init                               0x0800d0c5   Thumb Code   476  break.o(i.break_init)
    disturbB0_send_control                   0x0800d2d9   Thumb Code     2  can2_send.o(i.disturbB0_send_control)
    exclude_B0_disturb                       0x0800d2dd   Thumb Code   116  chassis_control.o(i.exclude_B0_disturb)
    fabs                                     0x0800d365   Thumb Code    24  fabs.o(i.fabs)
    main                                     0x0800d37d   Thumb Code    64  main.o(i.main)
    osDelay                                  0x0800d3cb   Thumb Code    24  cmsis_os.o(i.osDelay)
    osKernelStart                            0x0800d3e3   Thumb Code    10  cmsis_os.o(i.osKernelStart)
    osThreadCreate                           0x0800d3ed   Thumb Code    94  cmsis_os.o(i.osThreadCreate)
    pvPortMalloc                             0x0800da39   Thumb Code   296  heap_4.o(i.pvPortMalloc)
    pxPortInitialiseStack                    0x0800db75   Thumb Code    38  port.o(i.pxPortInitialiseStack)
    sqrt                                     0x0800dba1   Thumb Code   110  sqrt_full.o(i.sqrt)
    user_Calculate_Heat                      0x0800dc11   Thumb Code   260  heat_control.o(i.user_Calculate_Heat)
    uxListRemove                             0x0800dd35   Thumb Code    40  list.o(i.uxListRemove)
    vApplicationGetIdleTaskMemory            0x0800dd5d   Thumb Code    14  freertos.o(i.vApplicationGetIdleTaskMemory)
    vListInitialise                          0x0800dd75   Thumb Code    26  list.o(i.vListInitialise)
    vListInitialiseItem                      0x0800dd8f   Thumb Code     6  list.o(i.vListInitialiseItem)
    vListInsert                              0x0800dd95   Thumb Code    52  list.o(i.vListInsert)
    vListInsertEnd                           0x0800ddc9   Thumb Code    24  list.o(i.vListInsertEnd)
    vPortEnterCritical                       0x0800dde1   Thumb Code    76  port.o(i.vPortEnterCritical)
    vPortExitCritical                        0x0800de35   Thumb Code    56  port.o(i.vPortExitCritical)
    vPortFree                                0x0800de71   Thumb Code   140  heap_4.o(i.vPortFree)
    vPortSetupTimerInterrupt                 0x0800df05   Thumb Code    36  port.o(i.vPortSetupTimerInterrupt)
    vPortValidateInterruptPriority           0x0800df2d   Thumb Code   106  port.o(i.vPortValidateInterruptPriority)
    vTaskDelay                               0x0800dfa5   Thumb Code    82  tasks.o(i.vTaskDelay)
    vTaskDelayUntil                          0x0800e001   Thumb Code   200  tasks.o(i.vTaskDelayUntil)
    vTaskDelete                              0x0800e0d5   Thumb Code   202  tasks.o(i.vTaskDelete)
    vTaskInternalSetTimeOutState             0x0800e1c9   Thumb Code    14  tasks.o(i.vTaskInternalSetTimeOutState)
    vTaskMissedYield                         0x0800e1e1   Thumb Code     8  tasks.o(i.vTaskMissedYield)
    vTaskPlaceOnEventList                    0x0800e1ed   Thumb Code    52  tasks.o(i.vTaskPlaceOnEventList)
    vTaskStartScheduler                      0x0800e225   Thumb Code   146  tasks.o(i.vTaskStartScheduler)
    vTaskSuspendAll                          0x0800e2d5   Thumb Code    12  tasks.o(i.vTaskSuspendAll)
    vTaskSwitchContext                       0x0800e2e5   Thumb Code   118  tasks.o(i.vTaskSwitchContext)
    xPortStartScheduler                      0x0800e371   Thumb Code   330  port.o(i.xPortStartScheduler)
    xQueueGenericCreate                      0x0800e4d9   Thumb Code    96  queue.o(i.xQueueGenericCreate)
    xQueueGenericReset                       0x0800e539   Thumb Code   146  queue.o(i.xQueueGenericReset)
    xQueueGenericSendFromISR                 0x0800e5d1   Thumb Code   248  queue.o(i.xQueueGenericSendFromISR)
    xQueueReceive                            0x0800e6c9   Thumb Code   356  queue.o(i.xQueueReceive)
    xTaskCheckForTimeOut                     0x0800e831   Thumb Code   132  tasks.o(i.xTaskCheckForTimeOut)
    xTaskCreate                              0x0800e8bd   Thumb Code   100  tasks.o(i.xTaskCreate)
    xTaskCreateStatic                        0x0800e921   Thumb Code   186  tasks.o(i.xTaskCreateStatic)
    xTaskGetSchedulerState                   0x0800e9dd   Thumb Code    24  tasks.o(i.xTaskGetSchedulerState)
    xTaskGetTickCount                        0x0800e9fd   Thumb Code     6  tasks.o(i.xTaskGetTickCount)
    xTaskIncrementTick                       0x0800ea09   Thumb Code   282  tasks.o(i.xTaskIncrementTick)
    xTaskPriorityDisinherit                  0x0800eb51   Thumb Code   188  tasks.o(i.xTaskPriorityDisinherit)
    xTaskRemoveFromEventList                 0x0800ec19   Thumb Code   128  tasks.o(i.xTaskRemoveFromEventList)
    xTaskResumeAll                           0x0800ecb1   Thumb Code   224  tasks.o(i.xTaskResumeAll)
    CRC8_INIT                                0x0800ee94   Data           1  rm_judgesystem.o(.constdata)
    CRC8_TAB                                 0x0800ee95   Data         256  rm_judgesystem.o(.constdata)
    wCRC_Table                               0x0800ef96   Data         512  rm_judgesystem.o(.constdata)
    AHBPrescTable                            0x0800f19e   Data          16  system_stm32f4xx.o(.constdata)
    APBPrescTable                            0x0800f1ae   Data           8  system_stm32f4xx.o(.constdata)
    __mathlib_zero                           0x0800f350   Data           8  qnan.o(.constdata)
    Region$$Table$$Base                      0x0800f4e0   Number         0  anon$$obj.o(Region$$Table)
    Region$$Table$$Limit                     0x0800f500   Number         0  anon$$obj.o(Region$$Table)
    CAN1_Queue                               0x20000000   Data           4  freertos.o(.data)
    CAN2_Queue                               0x20000004   Data           4  freertos.o(.data)
    RobotCtrl_Handle                         0x20000008   Data           4  freertos.o(.data)
    Task_Robot_InitHandle                    0x2000000c   Data           4  freertos.o(.data)
    Task_Can1_ReceiveHandle                  0x20000010   Data           4  freertos.o(.data)
    Task_Can2_ReiveceHandle                  0x20000014   Data           4  freertos.o(.data)
    Task_Show_DebugHandle                    0x20000018   Data           4  freertos.o(.data)
    Task_Data_UpdataHandle                   0x2000001c   Data           4  freertos.o(.data)
    Task_Vision_SendDHandle                  0x20000020   Data           4  freertos.o(.data)
    Robot_Detec_TaskHandle                   0x20000024   Data           4  freertos.o(.data)
    PSwitch_FLAG                             0x2000002c   Data           2  peswitch.o(.data)
    ext_game_result                          0x2000002e   Data           2  rm_judgesystem.o(.data)
    ext_dart_status                          0x20000030   Data           4  rm_judgesystem.o(.data)
    ext_even_data                            0x20000034   Data           5  rm_judgesystem.o(.data)
    ext_supply_projectile_action             0x20000039   Data           5  rm_judgesystem.o(.data)
    ext_referee_warning                      0x2000003e   Data           3  rm_judgesystem.o(.data)
    ext_dart_remaining_time                  0x20000041   Data           2  rm_judgesystem.o(.data)
    Buff                                     0x20000043   Data           2  rm_judgesystem.o(.data)
    aerial_robot_energy                      0x20000045   Data           3  rm_judgesystem.o(.data)
    ext_robot_hurt                           0x20000048   Data           2  rm_judgesystem.o(.data)
    ext_shoot_data                           0x2000004a   Data           8  rm_judgesystem.o(.data)
    ext_bullet_remaining                     0x20000052   Data           7  rm_judgesystem.o(.data)
    ext_rfid_status                          0x20000059   Data           5  rm_judgesystem.o(.data)
    Judge_Self_ID                            0x2000005e   Data           1  rm_judgesystem.o(.data)
    Judge_SelfClient_ID                      0x20000060   Data           2  rm_judgesystem.o(.data)
    SenrtyMode_Flag                          0x20000062   Data           1  rm_judgesystem.o(.data)
    DartMode_Flag                            0x20000063   Data           1  rm_judgesystem.o(.data)
    wExpected                                0x20000064   Data           2  rm_judgesystem.o(.data)
    CRC_INIT                                 0x20000066   Data           2  rm_judgesystem.o(.data)
    Send_Color                               0x20000068   Data           1  rm_judgesystem.o(.data)
    send_time                                0x2000006a   Data           2  rm_judgesystem.o(.data)
    Color                                    0x2000006c   Data           1  rm_judgesystem.o(.data)
    Status_Datalength                        0x2000006d   Data           1  rm_judgesystem.o(.data)
    ShootLV_Datalength                       0x2000006e   Data           1  rm_judgesystem.o(.data)
    DMA_Counter                              0x20000070   Data           2  rm_judgesystem.o(.data)
    DJI_C_Euler_Receive                      0x20000088   Data           8  dji_c_imu.o(.data)
    DJI_C_Gyro_Receive                       0x20000090   Data           8  dji_c_imu.o(.data)
    Limit_switch                             0x20000098   Data           4  limit_switch.o(.data)
    q                                        0x2000009c   Data           4  sensor.o(.data)
    place_SEND_all                           0x200000a0   Data           8  can2_send.o(.data)
    encoder_sent                             0x200000a8   Data           4  can2_send.o(.data)
    send_to_C                                0x200000ac   Data           1  can2_send.o(.data)
    break_is_raedy                           0x200000ad   Data           1  can2_send.o(.data)
    in_END                                   0x200000ae   Data           1  can2_send.o(.data)
    in_MID                                   0x200000af   Data           1  can2_send.o(.data)
    send_to_C_JS_SHOOT                       0x200000b0   Data           1  can2_send.o(.data)
    send_to_C_JS_HURT                        0x200000b1   Data           1  can2_send.o(.data)
    send_to_C_JS_STATUS                      0x200000b2   Data           1  can2_send.o(.data)
    send_to_C_JS_HEAT                        0x200000b3   Data           1  can2_send.o(.data)
    send_to_C_JS_ROBOTHP                     0x200000b4   Data           1  can2_send.o(.data)
    send_to_C_JS_GAMESTATUS                  0x200000b5   Data           1  can2_send.o(.data)
    send_to_C_IN_END                         0x200000b6   Data           1  can2_send.o(.data)
    send_to_C_IN_MID                         0x200000b7   Data           1  can2_send.o(.data)
    send_to_C_B0_FLAG                        0x200000b8   Data           1  can2_send.o(.data)
    send_to_C_SPEED_CHANGE                   0x200000b9   Data           1  can2_send.o(.data)
    B0_Location                              0x200000c0   Data           4  chassis_control.o(.data)
    B0_Lenght                                0x200000c4   Data           4  chassis_control.o(.data)
    trace_flag                               0x200000c8   Data           1  chassis_control.o(.data)
    Chassis_FUN                              0x200000cc   Data          56  chassis_control.o(.data)
    Purse_Flag                               0x20000104   Data           1  chassis_control.o(.data)
    res_d                                    0x20000108   Data           4  chassis_control.o(.data)
    aaaaaa                                   0x2000010c   Data           4  chassis_control.o(.data)
    cccccccc                                 0x20000110   Data           4  chassis_control.o(.data)
    nnnnnnnn                                 0x20000114   Data           4  chassis_control.o(.data)
    bbbbbbbb                                 0x20000118   Data           4  chassis_control.o(.data)
    dddddddd                                 0x2000011c   Data           4  chassis_control.o(.data)
    eeeeeeee                                 0x20000120   Data           4  chassis_control.o(.data)
    rad_min                                  0x20000124   Data           2  chassis_control.o(.data)
    rad_max                                  0x20000126   Data           2  chassis_control.o(.data)
    B0_flag                                  0x20000128   Data           1  chassis_control.o(.data)
    debug_location                           0x2000012c   Data           4  chassis_control.o(.data)
    EM_limit                                 0x20000134   Data          20  cloud_control.o(.data)
    Cloud_FUN                                0x20000148   Data          44  cloud_control.o(.data)
    Yaw_Debugpid                             0x20000174   Data           4  cloud_control.o(.data)
    Pitch_Debugpid                           0x20000178   Data           4  cloud_control.o(.data)
    SK_Init_VisionData_Yaw                   0x2000017c   Data         228  vision_control.o(.data)
    SK_Init_VisionData_Pitch                 0x20000260   Data         228  vision_control.o(.data)
    a                                        0x20000344   Data           4  vision_control.o(.data)
    b                                        0x20000348   Data           4  vision_control.o(.data)
    Shoot_FUN                                0x2000034c   Data           8  shoot_control.o(.data)
    Robots_Control_FUN                       0x20000354   Data          48  robots_control.o(.data)
    ChassisDisable_Debug                     0x20000384   Data           1  robots_control.o(.data)
    Driver_FUN                               0x20000388   Data          16  driver_control.o(.data)
    Barrel                                   0x20000398   Data           8  heat_control.o(.data)
    Barrel_Heat_FUN                          0x200003a0   Data           4  heat_control.o(.data)
    Attack_FUN                               0x200003a4   Data          28  attack_control.o(.data)
    M2006_targe_angle                        0x200003c0   Data           4  break.o(.data)
    M2006_targe_speed                        0x200003c4   Data           4  break.o(.data)
    send_to_break                            0x200003c8   Data           4  break.o(.data)
    M2006_init_times                         0x200003cc   Data           4  break.o(.data)
    M2006_init_change_angle                  0x200003d0   Data           4  break.o(.data)
    M2006_init_totalAngle_last               0x200003d4   Data           4  break.o(.data)
    stop_CH_OP_BC_BREAK_times                0x200003d8   Data           4  break.o(.data)
    start_use_break                          0x200003dc   Data           1  break.o(.data)
    stop_CH_OP_BC_BREAK                      0x200003dd   Data           1  break.o(.data)
    Break_static                             0x200003de   Data           1  break.o(.data)
    P_PID_FUN                                0x200003e0   Data          12  pid_position.o(.data)
    I_PID_FUN                                0x200003ec   Data          12  pid_increment.o(.data)
    uwTick                                   0x200003f8   Data           4  stm32f4xx_hal.o(.data)
    uwTickPrio                               0x200003fc   Data           4  stm32f4xx_hal.o(.data)
    uwTickFreq                               0x20000400   Data           1  stm32f4xx_hal.o(.data)
    pxCurrentTCB                             0x20000404   Data           4  tasks.o(.data)
    SystemCoreClock                          0x20000464   Data           4  system_stm32f4xx.o(.data)
    hcan1                                    0x200006c4   Data          40  can.o(.bss)
    hcan2                                    0x200006ec   Data          40  can.o(.bss)
    hrng                                     0x20000714   Data          16  rng.o(.bss)
    htim5                                    0x20000724   Data          64  tim.o(.bss)
    huart7                                   0x20000764   Data          64  usart.o(.bss)
    huart8                                   0x200007a4   Data          64  usart.o(.bss)
    huart1                                   0x200007e4   Data          64  usart.o(.bss)
    huart3                                   0x20000824   Data          64  usart.o(.bss)
    huart6                                   0x20000864   Data          64  usart.o(.bss)
    hdma_uart7_rx                            0x200008a4   Data          96  usart.o(.bss)
    hdma_uart8_rx                            0x20000904   Data          96  usart.o(.bss)
    hdma_usart1_rx                           0x20000964   Data          96  usart.o(.bss)
    hdma_usart3_rx                           0x200009c4   Data          96  usart.o(.bss)
    CAN1_Rx_Structure                        0x20000a24   Data          36  stm32f4xx_it.o(.bss)
    CAN2_Rx_Structure                        0x20000a48   Data          36  stm32f4xx_it.o(.bss)
    htim6                                    0x20000a6c   Data          64  stm32f4xx_hal_timebase_tim.o(.bss)
    CAN_Tx_Structure                         0x20000aac   Data          32  user_can.o(.bss)
    GM6020s                                  0x20000acc   Data         848  gm6020.o(.bss)
    M3508s                                   0x20000e1c   Data         848  m3508.o(.bss)
    M3508s1                                  0x2000116c   Data         480  m3508.o(.bss)
    DR16_RxBUFF                              0x2000134c   Data          20  dr16.o(.bss)
    DR16                                     0x20001360   Data          16  dr16.o(.bss)
    Vision_DataBuff                          0x20001370   Data          15  vision.o(.bss)
    VisionData                               0x20001380   Data          48  vision.o(.bss)
    Vision_Cloud                             0x200013b0   Data          16  vision.o(.bss)
    M2006s                                   0x200013c0   Data         832  m2006.o(.bss)
    Chassis_Encoder                          0x20001700   Data         124  encoder.o(.bss)
    Judge_Monitor                            0x2000177c   Data          32  rm_judgesystem.o(.bss)
    Judge_SendRobot                          0x2000179c   Data          20  rm_judgesystem.o(.bss)
    ext_game_status                          0x200017b0   Data          12  rm_judgesystem.o(.bss)
    ext_game_robot_HP                        0x200017bc   Data          33  rm_judgesystem.o(.bss)
    ext_ICRA_buff_debuff_zone_status         0x200017dd   Data          12  rm_judgesystem.o(.bss)
    ext_game_robot_state                     0x200017e9   Data          28  rm_judgesystem.o(.bss)
    ext_power_heat_data                      0x20001805   Data          17  rm_judgesystem.o(.bss)
    ext_game_robot_pos                       0x20001816   Data          17  rm_judgesystem.o(.bss)
    ext_dart_client_cmd                      0x20001827   Data          13  rm_judgesystem.o(.bss)
    CommuData                                0x20001834   Data          35  rm_judgesystem.o(.bss)
    ShowData                                 0x20001857   Data         120  rm_judgesystem.o(.bss)
    Ex_ShowData                              0x200018cf   Data          90  rm_judgesystem.o(.bss)
    DeleteClient                             0x20001929   Data          17  rm_judgesystem.o(.bss)
    ShowshootLv                              0x2000193a   Data          60  rm_judgesystem.o(.bss)
    ShootLvInit                              0x20001976   Data          60  rm_judgesystem.o(.bss)
    Cap_Energyvalue                          0x200019b2   Data          60  rm_judgesystem.o(.bss)
    Cap_Energyshow                           0x200019ee   Data          60  rm_judgesystem.o(.bss)
    Uplift_Height                            0x20001a2a   Data          60  rm_judgesystem.o(.bss)
    Uplift_HeightValue                       0x20001a66   Data          60  rm_judgesystem.o(.bss)
    Clip_Angle                               0x20001aa2   Data          60  rm_judgesystem.o(.bss)
    Clip_AngleValue                          0x20001ade   Data          60  rm_judgesystem.o(.bss)
    SentryStatus_Data                        0x20001b1a   Data          60  rm_judgesystem.o(.bss)
    Sentry_Status                            0x20001b56   Data          60  rm_judgesystem.o(.bss)
    Sentry_CommuData                         0x20001b92   Data          35  rm_judgesystem.o(.bss)
    DartStatus_Data                          0x20001bb5   Data          60  rm_judgesystem.o(.bss)
    Dart_Status                              0x20001bf1   Data          60  rm_judgesystem.o(.bss)
    Dart_CommuData                           0x20001c2d   Data          35  rm_judgesystem.o(.bss)
    Car_Distance                             0x20001c50   Data          90  rm_judgesystem.o(.bss)
    Led_Meaning                              0x20001caa   Data          60  rm_judgesystem.o(.bss)
    MapCommunate                             0x20001ce6   Data          23  rm_judgesystem.o(.bss)
    Robot_Command                            0x20001cfd   Data          16  rm_judgesystem.o(.bss)
    JudgeSystem_rxBuff                       0x20001d0d   Data         389  rm_judgesystem.o(.bss)
    Robot_Commute                            0x20001e92   Data          26  rm_judgesystem.o(.bss)
    Map_Commute                              0x20001eac   Data          15  rm_judgesystem.o(.bss)
    TeammateTxBuffer                         0x20001ebb   Data          40  rm_judgesystem.o(.bss)
    DeleteBuffer                             0x20001ee3   Data          20  rm_judgesystem.o(.bss)
    CliendTxBuffer                           0x20001ef7   Data         120  rm_judgesystem.o(.bss)
    CrossHairBuffer                          0x20001f6f   Data          90  rm_judgesystem.o(.bss)
    ColorMeanBuffer                          0x20001fc9   Data         100  rm_judgesystem.o(.bss)
    CliendShowBuffer                         0x2000202d   Data         100  rm_judgesystem.o(.bss)
    Cap_EnergyBuff                           0x20002091   Data         100  rm_judgesystem.o(.bss)
    Uplift_HeightBuff                        0x200020f5   Data         100  rm_judgesystem.o(.bss)
    Clip_AngleBuff                           0x20002159   Data         100  rm_judgesystem.o(.bss)
    Car_DistanBuff                           0x200021bd   Data         150  rm_judgesystem.o(.bss)
    SentryBuff                               0x20002253   Data         100  rm_judgesystem.o(.bss)
    DartBuff                                 0x200022b7   Data         100  rm_judgesystem.o(.bss)
    Radar_ReceiveBuffer                      0x2000231b   Data          40  rm_judgesystem.o(.bss)
    SenrtyCommuBuff                          0x20002343   Data          40  rm_judgesystem.o(.bss)
    DartCommuBuff                            0x2000236b   Data          40  rm_judgesystem.o(.bss)
    send_buf                                 0x20002394   Data          15  ano.o(.bss)
    send_bufs                                0x200023a3   Data          35  ano.o(.bss)
    Temp_Target                              0x200023c6   Data          16  ano.o(.bss)
    User_TxBuff                              0x200023d8   Data          32  ano.o(.bss)
    Euler_Framerate                          0x200023f8   Data          20  dji_c_imu.o(.bss)
    Gyro_Framerate                           0x2000240c   Data          20  dji_c_imu.o(.bss)
    DJIC_IMU                                 0x20002420   Data         392  dji_c_imu.o(.bss)
    SENSOR_L_DataBuff                        0x200025a8   Data          11  sensor.o(.bss)
    Sensor_L                                 0x200025b4   Data          36  sensor.o(.bss)
    SENSOR_R_DataBuff                        0x200025d8   Data          11  sensor.o(.bss)
    Sensor_R                                 0x200025e4   Data          36  sensor.o(.bss)
    Sensor_R_Framerate                       0x20002608   Data          20  sensor.o(.bss)
    Sensor_L_Framerate                       0x2000261c   Data          20  sensor.o(.bss)
    js_SEND_all                              0x20002630   Data          33  can2_send.o(.bss)
    DR16_SEND_all                            0x20002651   Data          24  can2_send.o(.bss)
    Chassis                                  0x2000266c   Data         172  chassis_control.o(.bss)
    EM_Purse                                 0x20002718   Data          24  chassis_control.o(.bss)
    Cloud                                    0x20002730   Data          84  cloud_control.o(.bss)
    IMU_limit                                0x20002784   Data          20  cloud_control.o(.bss)
    IMU_scan                                 0x20002798   Data          52  cloud_control.o(.bss)
    EM_scan                                  0x200027cc   Data          52  cloud_control.o(.bss)
    VisionData_Hand                          0x20002800   Data         160  vision_control.o(.bss)
    Vision_Ctrl                              0x200028a0   Data         728  vision_control.o(.bss)
    IMU_Compensate_Data                      0x20002b78   Data         104  vision_control.o(.bss)
    EM_Compensate_Data                       0x20002be0   Data         104  vision_control.o(.bss)
    SK_VisionData_Yaw                        0x20002c48   Data         152  vision_control.o(.bss)
    SK_VisionData_Pitch                      0x20002ce0   Data         152  vision_control.o(.bss)
    FK_VisionData_Depth                      0x20002d78   Data          80  vision_control.o(.bss)
    Shoot                                    0x20002dc8   Data          36  shoot_control.o(.bss)
    Robots_Control                           0x20002dec   Data          72  robots_control.o(.bss)
    Chassis_PowerLimit                       0x20002e34   Data          28  powerlimit_control.o(.bss)
    Driver                                   0x20002e50   Data          48  driver_control.o(.bss)
    Attack                                   0x20002e80   Data          16  attack_control.o(.bss)
    break_basic                              0x20002e90   Data          16  break.o(.bss)
    BREAK_ANGLE_pid                          0x20002ea0   Data          88  break.o(.bss)
    BREAK_SPEED_pid                          0x20002ef8   Data          88  break.o(.bss)
    __initial_sp                             0x20007040   Data           0  startup_stm32f427xx.o(STACK)



==============================================================================

Memory Map of the image

  Image Entry point : 0x080001ad

  Load Region LR_IROM1 (Base: 0x08000000, Size: 0x0000f96c, Max: 0x00200000, ABSOLUTE, COMPRESSED[0x0000f630])

    Execution Region ER_IROM1 (Exec base: 0x08000000, Load base: 0x08000000, Size: 0x0000f500, Max: 0x00200000, ABSOLUTE)

    Exec Addr    Load Addr    Size         Type   Attr      Idx    E Section Name        Object

    0x08000000   0x08000000   0x000001ac   Data   RO         7517    RESET               startup_stm32f427xx.o
    0x080001ac   0x080001ac   0x00000000   Code   RO         7762  * .ARM.Collect$$$$00000000  mc_w.l(entry.o)
    0x080001ac   0x080001ac   0x00000004   Code   RO         8107    .ARM.Collect$$$$00000001  mc_w.l(entry2.o)
    0x080001b0   0x080001b0   0x00000004   Code   RO         8110    .ARM.Collect$$$$00000004  mc_w.l(entry5.o)
    0x080001b4   0x080001b4   0x00000000   Code   RO         8112    .ARM.Collect$$$$00000008  mc_w.l(entry7b.o)
    0x080001b4   0x080001b4   0x00000000   Code   RO         8114    .ARM.Collect$$$$0000000A  mc_w.l(entry8b.o)
    0x080001b4   0x080001b4   0x00000008   Code   RO         8115    .ARM.Collect$$$$0000000B  mc_w.l(entry9a.o)
    0x080001bc   0x080001bc   0x00000000   Code   RO         8117    .ARM.Collect$$$$0000000D  mc_w.l(entry10a.o)
    0x080001bc   0x080001bc   0x00000000   Code   RO         8119    .ARM.Collect$$$$0000000F  mc_w.l(entry11a.o)
    0x080001bc   0x080001bc   0x00000004   Code   RO         8108    .ARM.Collect$$$$00002712  mc_w.l(entry2.o)
    0x080001c0   0x080001c0   0x000000be   Code   RO         7401    .emb_text           port.o
    0x0800027e   0x0800027e   0x00000002   PAD
    0x08000280   0x08000280   0x00000024   Code   RO         7518    .text               startup_stm32f427xx.o
    0x080002a4   0x080002a4   0x00000108   Code   RO         7525    .text               arm_cortexM4lf_math.lib(arm_mat_add_f32.o)
    0x080003ac   0x080003ac   0x00000008   Code   RO         7571    .text               arm_cortexM4lf_math.lib(arm_mat_init_f32.o)
    0x080003b4   0x080003b4   0x00000530   Code   RO         7595    .text               arm_cortexM4lf_math.lib(arm_mat_inverse_f32.o)
    0x080008e4   0x080008e4   0x0000013c   Code   RO         7619    .text               arm_cortexM4lf_math.lib(arm_mat_mult_f32.o)
    0x08000a20   0x08000a20   0x00000108   Code   RO         7643    .text               arm_cortexM4lf_math.lib(arm_mat_sub_f32.o)
    0x08000b28   0x08000b28   0x00000114   Code   RO         7667    .text               arm_cortexM4lf_math.lib(arm_mat_trans_f32.o)
    0x08000c3c   0x08000c3c   0x00000062   Code   RO         7765    .text               mc_w.l(uldiv.o)
    0x08000c9e   0x08000c9e   0x00000024   Code   RO         7767    .text               mc_w.l(memcpya.o)
    0x08000cc2   0x08000cc2   0x00000024   Code   RO         7771    .text               mc_w.l(memseta.o)
    0x08000ce6   0x08000ce6   0x0000014e   Code   RO         8040    .text               mf_w.l(dadd.o)
    0x08000e34   0x08000e34   0x000000e4   Code   RO         8042    .text               mf_w.l(dmul.o)
    0x08000f18   0x08000f18   0x000000de   Code   RO         8044    .text               mf_w.l(ddiv.o)
    0x08000ff6   0x08000ff6   0x00000022   Code   RO         8048    .text               mf_w.l(dflti.o)
    0x08001018   0x08001018   0x0000001a   Code   RO         8050    .text               mf_w.l(dfltui.o)
    0x08001032   0x08001032   0x00000032   Code   RO         8052    .text               mf_w.l(dfixui.o)
    0x08001064   0x08001064   0x00000026   Code   RO         8054    .text               mf_w.l(f2d.o)
    0x0800108a   0x0800108a   0x00000002   PAD
    0x0800108c   0x0800108c   0x00000030   Code   RO         8056    .text               mf_w.l(cdcmple.o)
    0x080010bc   0x080010bc   0x00000030   Code   RO         8058    .text               mf_w.l(cdrcmple.o)
    0x080010ec   0x080010ec   0x00000038   Code   RO         8060    .text               mf_w.l(d2f.o)
    0x08001124   0x08001124   0x0000001e   Code   RO         8126    .text               mc_w.l(llshl.o)
    0x08001142   0x08001142   0x00000020   Code   RO         8128    .text               mc_w.l(llushr.o)
    0x08001162   0x08001162   0x00000024   Code   RO         8130    .text               mc_w.l(llsshr.o)
    0x08001186   0x08001186   0x00000000   Code   RO         8139    .text               mc_w.l(iusefp.o)
    0x08001186   0x08001186   0x0000006e   Code   RO         8140    .text               mf_w.l(fepilogue.o)
    0x080011f4   0x080011f4   0x000000ba   Code   RO         8142    .text               mf_w.l(depilogue.o)
    0x080012ae   0x080012ae   0x0000002e   Code   RO         8144    .text               mf_w.l(dscalb.o)
    0x080012dc   0x080012dc   0x0000003e   Code   RO         8146    .text               mf_w.l(dfixi.o)
    0x0800131a   0x0800131a   0x00000002   PAD
    0x0800131c   0x0800131c   0x00000024   Code   RO         8150    .text               mc_w.l(init.o)
    0x08001340   0x08001340   0x000000a2   Code   RO         8154    .text               mf_w.l(dsqrt.o)
    0x080013e2   0x080013e2   0x00000056   Code   RO         8164    .text               mc_w.l(__dczerorl2.o)
    0x08001438   0x08001438   0x00000038   Code   RO         1974    i.ANO_Send_Data_Init  ano.o
    0x08001470   0x08001470   0x000001cc   Code   RO         1978    i.ANO_Send_Data_V4  ano.o
    0x0800163c   0x0800163c   0x00000030   Code   RO         3069    i.Absolute_Value_Limit  user_math.o
    0x0800166c   0x0800166c   0x00000024   Code   RO         2965    i.Attack_Init       attack_control.o
    0x08001690   0x08001690   0x000000ac   Code   RO         2966    i.Attack_Processing  attack_control.o
    0x0800173c   0x0800173c   0x00000004   Code   RO          719    i.BusFault_Handler  stm32f4xx_it.o
    0x08001740   0x08001740   0x00000028   Code   RO          919    i.CAN1_Config       user_can.o
    0x08001768   0x08001768   0x00000038   Code   RO          920    i.CAN1_Filter0_Init  user_can.o
    0x080017a0   0x080017a0   0x00000010   Code   RO          720    i.CAN1_RX0_IRQHandler  stm32f4xx_it.o
    0x080017b0   0x080017b0   0x00000028   Code   RO          921    i.CAN2_Config       user_can.o
    0x080017d8   0x080017d8   0x00000038   Code   RO          922    i.CAN2_Filter0_Init  user_can.o
    0x08001810   0x08001810   0x00000010   Code   RO          721    i.CAN2_RX0_IRQHandler  stm32f4xx_it.o
    0x08001820   0x08001820   0x00000068   Code   RO          923    i.CAN_SendData      user_can.o
    0x08001888   0x08001888   0x0000006c   Code   RO         2559    i.Calculate_A_Omiga  vision_control.o
    0x080018f4   0x080018f4   0x00000074   Code   RO         2560    i.Calculate_Omiga   vision_control.o
    0x08001968   0x08001968   0x0000007c   Code   RO          239    i.Can1_Receive      freertos.o
    0x080019e4   0x080019e4   0x00000058   Code   RO          240    i.Can2_Reivece      freertos.o
    0x08001a3c   0x08001a3c   0x00000760   Code   RO         2337    i.Chassis_Control   chassis_control.o
    0x0800219c   0x0800219c   0x00000240   Code   RO         2338    i.Chassis_Init      chassis_control.o
    0x080023dc   0x080023dc   0x00000088   Code   RO         2561    i.Clear_VisionData_Processing  vision_control.o
    0x08002464   0x08002464   0x000003b4   Code   RO         2467    i.Cloud_Control     cloud_control.o
    0x08002818   0x08002818   0x00000070   Code   RO         2468    i.Cloud_EM_Init     cloud_control.o
    0x08002888   0x08002888   0x00000064   Code   RO         2469    i.Cloud_Emergency_Processing  cloud_control.o
    0x080028ec   0x080028ec   0x00000064   Code   RO         2470    i.Cloud_IMU_Init    cloud_control.o
    0x08002950   0x08002950   0x00000148   Code   RO         2471    i.Cloud_IMUlimit_Calculate  cloud_control.o
    0x08002a98   0x08002a98   0x00000068   Code   RO         2472    i.Cloud_Init        cloud_control.o
    0x08002b00   0x08002b00   0x00000220   Code   RO         2473    i.Cloud_PID_Init    cloud_control.o
    0x08002d20   0x08002d20   0x00000002   Code   RO         2339    i.Cruise_Processing  chassis_control.o
    0x08002d22   0x08002d22   0x00000002   PAD
    0x08002d24   0x08002d24   0x00000050   Code   RO         2059    i.DJI_C_Euler_getInfo  dji_c_imu.o
    0x08002d74   0x08002d74   0x00000050   Code   RO         2060    i.DJI_C_Gyro_getInfo  dji_c_imu.o
    0x08002dc4   0x08002dc4   0x00000034   Code   RO         4095    i.DMA_CalcBaseAndBitshift  stm32f4xx_hal_dma.o
    0x08002df8   0x08002df8   0x000000aa   Code   RO         4096    i.DMA_CheckFifoParam  stm32f4xx_hal_dma.o
    0x08002ea2   0x08002ea2   0x0000002c   Code   RO         4097    i.DMA_SetConfig     stm32f4xx_hal_dma.o
    0x08002ece   0x08002ece   0x00000002   PAD
    0x08002ed0   0x08002ed0   0x00000078   Code   RO         1116    i.DR16_Handler      dr16.o
    0x08002f48   0x08002f48   0x00000140   Code   RO         1117    i.DR16_Process      dr16.o
    0x08003088   0x08003088   0x00000038   Code   RO         2228    i.DR16_send_master_control  can2_send.o
    0x080030c0   0x080030c0   0x0000001c   Code   RO         2229    i.DR16_send_part_one  can2_send.o
    0x080030dc   0x080030dc   0x0000001c   Code   RO         2230    i.DR16_send_part_three  can2_send.o
    0x080030f8   0x080030f8   0x0000001c   Code   RO         2231    i.DR16_send_part_two  can2_send.o
    0x08003114   0x08003114   0x00000034   Code   RO          241    i.Data_Updata       freertos.o
    0x08003148   0x08003148   0x00000002   Code   RO          722    i.DebugMon_Handler  stm32f4xx_it.o
    0x0800314a   0x0800314a   0x00000002   PAD
    0x0800314c   0x0800314c   0x00000018   Code   RO         2967    i.Do_not_Attack     attack_control.o
    0x08003164   0x08003164   0x0000002c   Code   RO         2886    i.DriverTorque_Detection  driver_control.o
    0x08003190   0x08003190   0x000002b0   Code   RO         2887    i.Driver_Control    driver_control.o
    0x08003440   0x08003440   0x000000d0   Code   RO         2888    i.Driver_Init       driver_control.o
    0x08003510   0x08003510   0x00000048   Code   RO         2889    i.Driver_Reset      driver_control.o
    0x08003558   0x08003558   0x000000a4   Code   RO         2562    i.EM_Compensate_Init  vision_control.o
    0x080035fc   0x080035fc   0x0000004c   Code   RO         2340    i.EM_Purse_Init     chassis_control.o
    0x08003648   0x08003648   0x00000074   Code   RO         2474    i.EM_Scan_Init      cloud_control.o
    0x080036bc   0x080036bc   0x0000005c   Code   RO         2232    i.Encoder_Send_control  can2_send.o
    0x08003718   0x08003718   0x00000002   Code   RO            4    i.Error_Handler     main.o
    0x0800371a   0x0800371a   0x00000002   PAD
    0x0800371c   0x0800371c   0x00000050   Code   RO         2821    i.FPS_Calculate     robots_detection.o
    0x0800376c   0x0800376c   0x0000001a   Code   RO         3105    i.Filter_IIRLPF     filter_fuction.o
    0x08003786   0x08003786   0x000000d2   Code   RO         3258    i.FirstOrder_Kalman_Calucate  kalman.o
    0x08003858   0x08003858   0x00000048   Code   RO         3259    i.FirstOrder_Kalman_Parameter_Init  kalman.o
    0x080038a0   0x080038a0   0x00000024   Code   RO         2968    i.FixedPoint_Snipe_Processing  attack_control.o
    0x080038c4   0x080038c4   0x00000138   Code   RO         2969    i.Fluctuant_Strafe_Processing  attack_control.o
    0x080039fc   0x080039fc   0x00000018   Code   RO         2970    i.Forever_NoOverHeat_Processing  attack_control.o
    0x08003a14   0x08003a14   0x00000002   Code   RO         2341    i.Frenzy_Processing  chassis_control.o
    0x08003a16   0x08003a16   0x00000002   PAD
    0x08003a18   0x08003a18   0x0000014c   Code   RO          970    i.GM6020_Pitch_getInfo  gm6020.o
    0x08003b64   0x08003b64   0x00000150   Code   RO          972    i.GM6020_Yaw_getInfo  gm6020.o
    0x08003cb4   0x08003cb4   0x00000034   Code   RO         1381    i.Get_CRC16_Check_Sum  rm_judgesystem.o
    0x08003ce8   0x08003ce8   0x0000008c   Code   RO         1330    i.Get_Encoder_Value  encoder.o
    0x08003d74   0x08003d74   0x0000001e   Code   RO         2822    i.Get_FPS           robots_detection.o
    0x08003d92   0x08003d92   0x00000002   PAD
    0x08003d94   0x08003d94   0x00000040   Code   RO         2142    i.Get_LSwitch_FLAG  limit_switch.o
    0x08003dd4   0x08003dd4   0x00000028   Code   RO         1264    i.Get_PSwitch_FLAG  peswitch.o
    0x08003dfc   0x08003dfc   0x00000024   Code   RO         2862    i.Get_RandomNumbers_Range  random_gain.o
    0x08003e20   0x08003e20   0x00000156   Code   RO         3302    i.HAL_CAN_AddTxMessage  stm32f4xx_hal_can.o
    0x08003f76   0x08003f76   0x00000002   PAD
    0x08003f78   0x08003f78   0x00000124   Code   RO         3303    i.HAL_CAN_ConfigFilter  stm32f4xx_hal_can.o
    0x0800409c   0x0800409c   0x00000002   Code   RO         3306    i.HAL_CAN_ErrorCallback  stm32f4xx_hal_can.o
    0x0800409e   0x0800409e   0x0000017a   Code   RO         3309    i.HAL_CAN_GetRxMessage  stm32f4xx_hal_can.o
    0x08004218   0x08004218   0x0000024e   Code   RO         3313    i.HAL_CAN_IRQHandler  stm32f4xx_hal_can.o
    0x08004466   0x08004466   0x00000174   Code   RO         3314    i.HAL_CAN_Init      stm32f4xx_hal_can.o
    0x080045da   0x080045da   0x00000002   PAD
    0x080045dc   0x080045dc   0x00000164   Code   RO          497    i.HAL_CAN_MspInit   can.o
    0x08004740   0x08004740   0x00000002   Code   RO         3321    i.HAL_CAN_RxFifo0FullCallback  stm32f4xx_hal_can.o
    0x08004742   0x08004742   0x00000002   PAD
    0x08004744   0x08004744   0x000000a4   Code   RO          723    i.HAL_CAN_RxFifo0MsgPendingCallback  stm32f4xx_it.o
    0x080047e8   0x080047e8   0x00000002   Code   RO         3323    i.HAL_CAN_RxFifo1FullCallback  stm32f4xx_hal_can.o
    0x080047ea   0x080047ea   0x00000002   Code   RO         3324    i.HAL_CAN_RxFifo1MsgPendingCallback  stm32f4xx_hal_can.o
    0x080047ec   0x080047ec   0x00000002   Code   RO         3325    i.HAL_CAN_SleepCallback  stm32f4xx_hal_can.o
    0x080047ee   0x080047ee   0x0000005e   Code   RO         3326    i.HAL_CAN_Start     stm32f4xx_hal_can.o
    0x0800484c   0x0800484c   0x00000002   Code   RO         3328    i.HAL_CAN_TxMailbox0AbortCallback  stm32f4xx_hal_can.o
    0x0800484e   0x0800484e   0x00000002   Code   RO         3329    i.HAL_CAN_TxMailbox0CompleteCallback  stm32f4xx_hal_can.o
    0x08004850   0x08004850   0x00000002   Code   RO         3330    i.HAL_CAN_TxMailbox1AbortCallback  stm32f4xx_hal_can.o
    0x08004852   0x08004852   0x00000002   Code   RO         3331    i.HAL_CAN_TxMailbox1CompleteCallback  stm32f4xx_hal_can.o
    0x08004854   0x08004854   0x00000002   Code   RO         3332    i.HAL_CAN_TxMailbox2AbortCallback  stm32f4xx_hal_can.o
    0x08004856   0x08004856   0x00000002   Code   RO         3333    i.HAL_CAN_TxMailbox2CompleteCallback  stm32f4xx_hal_can.o
    0x08004858   0x08004858   0x00000002   Code   RO         3335    i.HAL_CAN_WakeUpFromRxMsgCallback  stm32f4xx_hal_can.o
    0x0800485a   0x0800485a   0x00000028   Code   RO         4099    i.HAL_DMA_Abort_IT  stm32f4xx_hal_dma.o
    0x08004882   0x08004882   0x00000002   PAD
    0x08004884   0x08004884   0x000000ec   Code   RO         4104    i.HAL_DMA_Init      stm32f4xx_hal_dma.o
    0x08004970   0x08004970   0x00000066   Code   RO         4107    i.HAL_DMA_Start     stm32f4xx_hal_dma.o
    0x080049d6   0x080049d6   0x00000002   PAD
    0x080049d8   0x080049d8   0x00000028   Code   RO         4540    i.HAL_Delay         stm32f4xx_hal.o
    0x08004a00   0x08004a00   0x0000021c   Code   RO         3991    i.HAL_GPIO_Init     stm32f4xx_hal_gpio.o
    0x08004c1c   0x08004c1c   0x00000010   Code   RO         3993    i.HAL_GPIO_ReadPin  stm32f4xx_hal_gpio.o
    0x08004c2c   0x08004c2c   0x0000000c   Code   RO         4548    i.HAL_GetTick       stm32f4xx_hal.o
    0x08004c38   0x08004c38   0x00000018   Code   RO         4554    i.HAL_IncTick       stm32f4xx_hal.o
    0x08004c50   0x08004c50   0x0000003c   Code   RO         4555    i.HAL_Init          stm32f4xx_hal.o
    0x08004c8c   0x08004c8c   0x0000008c   Code   RO          856    i.HAL_InitTick      stm32f4xx_hal_timebase_tim.o
    0x08004d18   0x08004d18   0x00000048   Code   RO          832    i.HAL_MspInit       stm32f4xx_hal_msp.o
    0x08004d60   0x08004d60   0x00000020   Code   RO         4398    i.HAL_NVIC_EnableIRQ  stm32f4xx_hal_cortex.o
    0x08004d80   0x08004d80   0x0000007c   Code   RO         4404    i.HAL_NVIC_SetPriority  stm32f4xx_hal_cortex.o
    0x08004dfc   0x08004dfc   0x00000028   Code   RO         4405    i.HAL_NVIC_SetPriorityGrouping  stm32f4xx_hal_cortex.o
    0x08004e24   0x08004e24   0x00000184   Code   RO         3535    i.HAL_RCC_ClockConfig  stm32f4xx_hal_rcc.o
    0x08004fa8   0x08004fa8   0x00000044   Code   RO         3539    i.HAL_RCC_GetClockConfig  stm32f4xx_hal_rcc.o
    0x08004fec   0x08004fec   0x0000000c   Code   RO         3540    i.HAL_RCC_GetHCLKFreq  stm32f4xx_hal_rcc.o
    0x08004ff8   0x08004ff8   0x00000020   Code   RO         3542    i.HAL_RCC_GetPCLK1Freq  stm32f4xx_hal_rcc.o
    0x08005018   0x08005018   0x00000020   Code   RO         3543    i.HAL_RCC_GetPCLK2Freq  stm32f4xx_hal_rcc.o
    0x08005038   0x08005038   0x000000b0   Code   RO         3544    i.HAL_RCC_GetSysClockFreq  stm32f4xx_hal_rcc.o
    0x080050e8   0x080050e8   0x00000488   Code   RO         3547    i.HAL_RCC_OscConfig  stm32f4xx_hal_rcc.o
    0x08005570   0x08005570   0x0000007c   Code   RO         4805    i.HAL_RNG_GenerateRandomNumber  stm32f4xx_hal_rng.o
    0x080055ec   0x080055ec   0x00000018   Code   RO         4808    i.HAL_RNG_GetRandomNumber  stm32f4xx_hal_rng.o
    0x08005604   0x08005604   0x00000034   Code   RO         4812    i.HAL_RNG_Init      stm32f4xx_hal_rng.o
    0x08005638   0x08005638   0x00000034   Code   RO          570    i.HAL_RNG_MspInit   rng.o
    0x0800566c   0x0800566c   0x00000002   Code   RO         5593    i.HAL_TIMEx_BreakCallback  stm32f4xx_hal_tim_ex.o
    0x0800566e   0x0800566e   0x00000002   Code   RO         5594    i.HAL_TIMEx_CommutCallback  stm32f4xx_hal_tim_ex.o
    0x08005670   0x08005670   0x000000b4   Code   RO         5611    i.HAL_TIMEx_MasterConfigSynchronization  stm32f4xx_hal_tim_ex.o
    0x08005724   0x08005724   0x00000034   Code   RO         4907    i.HAL_TIM_Base_Init  stm32f4xx_hal_tim.o
    0x08005758   0x08005758   0x00000002   Code   RO         4909    i.HAL_TIM_Base_MspInit  stm32f4xx_hal_tim.o
    0x0800575a   0x0800575a   0x0000002a   Code   RO         4912    i.HAL_TIM_Base_Start_IT  stm32f4xx_hal_tim.o
    0x08005784   0x08005784   0x000000ae   Code   RO         4925    i.HAL_TIM_Encoder_Init  stm32f4xx_hal_tim.o
    0x08005832   0x08005832   0x00000002   PAD
    0x08005834   0x08005834   0x00000084   Code   RO          612    i.HAL_TIM_Encoder_MspInit  tim.o
    0x080058b8   0x080058b8   0x0000004e   Code   RO         4928    i.HAL_TIM_Encoder_Start  stm32f4xx_hal_tim.o
    0x08005906   0x08005906   0x00000002   Code   RO         4936    i.HAL_TIM_IC_CaptureCallback  stm32f4xx_hal_tim.o
    0x08005908   0x08005908   0x00000196   Code   RO         4950    i.HAL_TIM_IRQHandler  stm32f4xx_hal_tim.o
    0x08005a9e   0x08005a9e   0x00000002   Code   RO         4953    i.HAL_TIM_OC_DelayElapsedCallback  stm32f4xx_hal_tim.o
    0x08005aa0   0x08005aa0   0x00000002   Code   RO         4980    i.HAL_TIM_PWM_PulseFinishedCallback  stm32f4xx_hal_tim.o
    0x08005aa2   0x08005aa2   0x00000002   PAD
    0x08005aa4   0x08005aa4   0x00000018   Code   RO            5    i.HAL_TIM_PeriodElapsedCallback  main.o
    0x08005abc   0x08005abc   0x00000002   Code   RO         4993    i.HAL_TIM_TriggerCallback  stm32f4xx_hal_tim.o
    0x08005abe   0x08005abe   0x00000002   Code   RO         5865    i.HAL_UART_ErrorCallback  stm32f4xx_hal_uart.o
    0x08005ac0   0x08005ac0   0x00000154   Code   RO         5868    i.HAL_UART_IRQHandler  stm32f4xx_hal_uart.o
    0x08005c14   0x08005c14   0x00000072   Code   RO         5869    i.HAL_UART_Init     stm32f4xx_hal_uart.o
    0x08005c86   0x08005c86   0x00000002   PAD
    0x08005c88   0x08005c88   0x000003b8   Code   RO          654    i.HAL_UART_MspInit  usart.o
    0x08006040   0x08006040   0x00000002   Code   RO         5875    i.HAL_UART_RxCpltCallback  stm32f4xx_hal_uart.o
    0x08006042   0x08006042   0x00000002   Code   RO         5880    i.HAL_UART_TxCpltCallback  stm32f4xx_hal_uart.o
    0x08006044   0x08006044   0x00000004   Code   RO          724    i.HardFault_Handler  stm32f4xx_it.o
    0x08006048   0x08006048   0x00000080   Code   RO         2823    i.IMUFPS_0_Emergency_status  robots_detection.o
    0x080060c8   0x080060c8   0x000000a0   Code   RO         2563    i.IMU_Compensate_Init  vision_control.o
    0x08006168   0x08006168   0x0000006c   Code   RO         2475    i.IMU_Scan_Init     cloud_control.o
    0x080061d4   0x080061d4   0x00000054   Code   RO         3177    i.I_PID_BetaGeneration  pid_increment.o
    0x08006228   0x08006228   0x00000040   Code   RO         3178    i.I_PID_Parameter_Clear  pid_increment.o
    0x08006268   0x08006268   0x0000009c   Code   RO         3179    i.I_PID_Parameter_Init  pid_increment.o
    0x08006304   0x08006304   0x000001d2   Code   RO         3180    i.I_PID_Regulation  pid_increment.o
    0x080064d6   0x080064d6   0x00000002   PAD
    0x080064d8   0x080064d8   0x000000e0   Code   RO         2342    i.Index_Parameter_Calculate  chassis_control.o
    0x080065b8   0x080065b8   0x00000138   Code   RO         2343    i.Index_VariableSpeed  chassis_control.o
    0x080066f0   0x080066f0   0x0000003c   Code   RO         2688    i.Init_RobotStatus  robots_control.o
    0x0800672c   0x0800672c   0x00000074   Code   RO         2971    i.Interval_Attack   attack_control.o
    0x080067a0   0x080067a0   0x00000048   Code   RO         2233    i.JS_send_HEAT_control  can2_send.o
    0x080067e8   0x080067e8   0x00000028   Code   RO         2234    i.JS_send_HURT_control  can2_send.o
    0x08006810   0x08006810   0x00000030   Code   RO         2235    i.JS_send_SHOOT_control  can2_send.o
    0x08006840   0x08006840   0x00000078   Code   RO         2236    i.JS_send_STATUS_control  can2_send.o
    0x080068b8   0x080068b8   0x0000004c   Code   RO         2237    i.JS_send_gamestatus_control  can2_send.o
    0x08006904   0x08006904   0x00000078   Code   RO         2238    i.JS_send_robotHP_control  can2_send.o
    0x0800697c   0x0800697c   0x00000078   Code   RO         1385    i.JudgeSystem_Handler  rm_judgesystem.o
    0x080069f4   0x080069f4   0x00000480   Code   RO         1386    i.Judge_GetMessage  rm_judgesystem.o
    0x08006e74   0x08006e74   0x0000013c   Code   RO         1020    i.M3508_getInfo     m3508.o
    0x08006fb0   0x08006fb0   0x00000054   Code   RO         1023    i.M3508s1_setCurrent  m3508.o
    0x08007004   0x08007004   0x00000044   Code   RO          498    i.MX_CAN1_Init      can.o
    0x08007048   0x08007048   0x00000044   Code   RO          499    i.MX_CAN2_Init      can.o
    0x0800708c   0x0800708c   0x00000048   Code   RO          545    i.MX_DMA_Init       dma.o
    0x080070d4   0x080070d4   0x000000f4   Code   RO          242    i.MX_FREERTOS_Init  freertos.o
    0x080071c8   0x080071c8   0x000000e4   Code   RO          215    i.MX_GPIO_Init      gpio.o
    0x080072ac   0x080072ac   0x00000020   Code   RO          571    i.MX_RNG_Init       rng.o
    0x080072cc   0x080072cc   0x0000007c   Code   RO          613    i.MX_TIM5_Init      tim.o
    0x08007348   0x08007348   0x00000038   Code   RO          655    i.MX_UART7_Init     usart.o
    0x08007380   0x08007380   0x00000038   Code   RO          656    i.MX_UART8_Init     usart.o
    0x080073b8   0x080073b8   0x00000038   Code   RO          657    i.MX_USART1_UART_Init  usart.o
    0x080073f0   0x080073f0   0x00000038   Code   RO          658    i.MX_USART3_UART_Init  usart.o
    0x08007428   0x08007428   0x00000038   Code   RO          659    i.MX_USART6_UART_Init  usart.o
    0x08007460   0x08007460   0x000000c8   Code   RO         2344    i.MecanumCalculate  chassis_control.o
    0x08007528   0x08007528   0x00000004   Code   RO          725    i.MemManage_Handler  stm32f4xx_it.o
    0x0800752c   0x0800752c   0x00000002   Code   RO          726    i.NMI_Handler       stm32f4xx_it.o
    0x0800752e   0x0800752e   0x00000002   PAD
    0x08007530   0x08007530   0x00000184   Code   RO         2824    i.Offline_Clear_FPS  robots_detection.o
    0x080076b4   0x080076b4   0x00000002   Code   RO         2345    i.Optimally_Attack_Distance  chassis_control.o
    0x080076b6   0x080076b6   0x00000002   PAD
    0x080076b8   0x080076b8   0x0000002c   Code   RO         2346    i.Outpost_survive_Processing  chassis_control.o
    0x080076e4   0x080076e4   0x000000e4   Code   RO         2239    i.PLACE_send_control  can2_send.o
    0x080077c8   0x080077c8   0x00000024   Code   RO         3129    i.P_PID_BetaGeneration  pid_position.o
    0x080077ec   0x080077ec   0x00000030   Code   RO         3130    i.P_PID_Parameter_Clear  pid_position.o
    0x0800781c   0x0800781c   0x00000094   Code   RO         3131    i.P_PID_Parameter_Init  pid_position.o
    0x080078b0   0x080078b0   0x000001b2   Code   RO         3132    i.P_PID_Regulation  pid_position.o
    0x08007a62   0x08007a62   0x00000002   PAD
    0x08007a64   0x08007a64   0x00000134   Code   RO         2785    i.PowerLimit_Calculate  powerlimit_control.o
    0x08007b98   0x08007b98   0x000000b8   Code   RO         2786    i.PowerLimit_Processing  powerlimit_control.o
    0x08007c50   0x08007c50   0x00000194   Code   RO         2347    i.Prevent_Cloud_Breakdown  chassis_control.o
    0x08007de4   0x08007de4   0x00000002   Code   RO         2348    i.Pursue_Processing  chassis_control.o
    0x08007de6   0x08007de6   0x00000002   PAD
    0x08007de8   0x08007de8   0x00000140   Code   RO         2476    i.Radian_Gain       cloud_control.o
    0x08007f28   0x08007f28   0x00000088   Code   RO         3070    i.Ramp_Function     user_math.o
    0x08007fb0   0x08007fb0   0x0000036c   Code   RO         2349    i.Random_Processing  chassis_control.o
    0x0800831c   0x0800831c   0x0000006c   Code   RO          243    i.Robot_Control     freertos.o
    0x08008388   0x08008388   0x0000001e   Code   RO          244    i.Robot_Detec       freertos.o
    0x080083a6   0x080083a6   0x00000002   PAD
    0x080083a8   0x080083a8   0x00000184   Code   RO          245    i.Robot_Init        freertos.o
    0x0800852c   0x0800852c   0x00000340   Code   RO         2350    i.Route_limit_Processing  chassis_control.o
    0x0800886c   0x0800886c   0x00000070   Code   RO         2172    i.SENSOL_Handler    sensor.o
    0x080088dc   0x080088dc   0x0000007c   Code   RO         2173    i.SENSOR_Handler    sensor.o
    0x08008958   0x08008958   0x00000230   Code   RO         2477    i.Scan_Processing   cloud_control.o
    0x08008b88   0x08008b88   0x000001b2   Code   RO         3260    i.SencondOrder_Kalman_Calucate  kalman.o
    0x08008d3a   0x08008d3a   0x0000013c   Code   RO         3261    i.SencondOrder_Kalman_Parameter_Init  kalman.o
    0x08008e76   0x08008e76   0x00000002   PAD
    0x08008e78   0x08008e78   0x00000068   Code   RO         2174    i.Sensor_L_DataReceive  sensor.o
    0x08008ee0   0x08008ee0   0x00000068   Code   RO         2175    i.Sensor_R_DataReceive  sensor.o
    0x08008f48   0x08008f48   0x00000164   Code   RO         2650    i.Shoot_Control     shoot_control.o
    0x080090ac   0x080090ac   0x000000fc   Code   RO         2651    i.Shoot_Init        shoot_control.o
    0x080091a8   0x080091a8   0x00000048   Code   RO          246    i.Show_Debug        freertos.o
    0x080091f0   0x080091f0   0x00000034   Code   RO         7402    i.SysTick_Handler   port.o
    0x08009224   0x08009224   0x000000b4   Code   RO            6    i.SystemClock_Config  main.o
    0x080092d8   0x080092d8   0x0000001c   Code   RO         7482    i.SystemInit        system_stm32f4xx.o
    0x080092f4   0x080092f4   0x00000010   Code   RO          727    i.TIM6_DAC_IRQHandler  stm32f4xx_it.o
    0x08009304   0x08009304   0x000000d8   Code   RO         4995    i.TIM_Base_SetConfig  stm32f4xx_hal_tim.o
    0x080093dc   0x080093dc   0x00000022   Code   RO         4996    i.TIM_CCxChannelCmd  stm32f4xx_hal_tim.o
    0x080093fe   0x080093fe   0x00000002   PAD
    0x08009400   0x08009400   0x00000014   Code   RO          728    i.UART7_IRQHandler  stm32f4xx_it.o
    0x08009414   0x08009414   0x00000014   Code   RO          729    i.UART8_IRQHandler  stm32f4xx_it.o
    0x08009428   0x08009428   0x00000014   Code   RO         5882    i.UART_DMAAbortOnError  stm32f4xx_hal_uart.o
    0x0800943c   0x0800943c   0x00000020   Code   RO         5892    i.UART_EndRxTransfer  stm32f4xx_hal_uart.o
    0x0800945c   0x0800945c   0x00000020   Code   RO         5893    i.UART_EndTransmit_IT  stm32f4xx_hal_uart.o
    0x0800947c   0x0800947c   0x000000a6   Code   RO         5895    i.UART_Receive_IT   stm32f4xx_hal_uart.o
    0x08009522   0x08009522   0x00000002   PAD
    0x08009524   0x08009524   0x000003e8   Code   RO         5896    i.UART_SetConfig    stm32f4xx_hal_uart.o
    0x0800990c   0x0800990c   0x00000068   Code   RO         5897    i.UART_Transmit_IT  stm32f4xx_hal_uart.o
    0x08009974   0x08009974   0x00000014   Code   RO          730    i.USART1_IRQHandler  stm32f4xx_it.o
    0x08009988   0x08009988   0x00000014   Code   RO          731    i.USART3_IRQHandler  stm32f4xx_it.o
    0x0800999c   0x0800999c   0x00000044   Code   RO          895    i.USART_RX_DMA_ENABLE  user_uart.o
    0x080099e0   0x080099e0   0x00000024   Code   RO         2351    i.Updata_Chassis_Sensor  chassis_control.o
    0x08009a04   0x08009a04   0x00000070   Code   RO         2689    i.Updata_Control_RobotStatus  robots_control.o
    0x08009a74   0x08009a74   0x00000298   Code   RO         2690    i.Updata_Direct_RobotStatus  robots_control.o
    0x08009d0c   0x08009d0c   0x000000a4   Code   RO         2691    i.Updata_Dropblood_RobotStatus  robots_control.o
    0x08009db0   0x08009db0   0x00000074   Code   RO         2692    i.Updata_Frenzytimes_RobotStatus  robots_control.o
    0x08009e24   0x08009e24   0x00000148   Code   RO         2061    i.Updata_Hand_Euler_Gyro_Data  dji_c_imu.o
    0x08009f6c   0x08009f6c   0x00000054   Code   RO         2693    i.Updata_Heat_RobotStatus  robots_control.o
    0x08009fc0   0x08009fc0   0x00000048   Code   RO         2694    i.Updata_Outpost_RobotStatus  robots_control.o
    0x0800a008   0x0800a008   0x00000018   Code   RO         2695    i.Updata_RobotStatus  robots_control.o
    0x0800a020   0x0800a020   0x000000c4   Code   RO         2696    i.Updata_Snipetime_RobotStatus  robots_control.o
    0x0800a0e4   0x0800a0e4   0x00000198   Code   RO         2564    i.Updata_VisionData_Hand  vision_control.o
    0x0800a27c   0x0800a27c   0x0000002c   Code   RO         2697    i.Updata_edBullet_RobotStatus  robots_control.o
    0x0800a2a8   0x0800a2a8   0x000000d4   Code   RO         2698    i.Update_DR16_RobotStatus  robots_control.o
    0x0800a37c   0x0800a37c   0x00000030   Code   RO         2699    i.Update_Vision_RobotStatus  robots_control.o
    0x0800a3ac   0x0800a3ac   0x00000004   Code   RO          732    i.UsageFault_Handler  stm32f4xx_it.o
    0x0800a3b0   0x0800a3b0   0x00000038   Code   RO         3071    i.Value_Limit       user_math.o
    0x0800a3e8   0x0800a3e8   0x00000040   Code   RO         1449    i.Verify_CRC16_Check_Sum  rm_judgesystem.o
    0x0800a428   0x0800a428   0x0000014c   Code   RO         2565    i.VisionData_Hand_Smooth_Processing  vision_control.o
    0x0800a574   0x0800a574   0x000003ac   Code   RO         2566    i.Vision_Control_Cloud  vision_control.o
    0x0800a920   0x0800a920   0x000000b8   Code   RO         2567    i.Vision_Control_Init  vision_control.o
    0x0800a9d8   0x0800a9d8   0x000000b4   Code   RO         2568    i.Vision_Emergency_Processing  vision_control.o
    0x0800aa8c   0x0800aa8c   0x00000200   Code   RO         2569    i.Vision_PID_Init   vision_control.o
    0x0800ac8c   0x0800ac8c   0x000000d4   Code   RO          247    i.Vision_SendD      freertos.o
    0x0800ad60   0x0800ad60   0x00000030   Code   RO         8079    i.__ARM_fpclassify  m_wm.l(fpclassify.o)
    0x0800ad90   0x0800ad90   0x00000010   Code   RO         4411    i.__NVIC_GetPriorityGrouping  stm32f4xx_hal_cortex.o
    0x0800ada0   0x0800ada0   0x00000028   Code   RO         4412    i.__NVIC_SetPriority  stm32f4xx_hal_cortex.o
    0x0800adc8   0x0800adc8   0x00000360   Code   RO         7688    i.__hardfp_asin     m_wm.l(asin.o)
    0x0800b128   0x0800b128   0x00000358   Code   RO         7702    i.__hardfp_exp      m_wm.l(exp.o)
    0x0800b480   0x0800b480   0x00000014   Code   RO         7716    i.__hardfp_fabs     m_wm.l(fabs.o)
    0x0800b494   0x0800b494   0x00000004   PAD
    0x0800b498   0x0800b498   0x000003c4   Code   RO         7722    i.__hardfp_log      m_wm.l(log.o)
    0x0800b85c   0x0800b85c   0x00000004   PAD
    0x0800b860   0x0800b860   0x00000c50   Code   RO         7736    i.__hardfp_pow      m_wm.l(pow.o)
    0x0800c4b0   0x0800c4b0   0x000000c8   Code   RO         7750    i.__hardfp_sin      m_wm.l(sin.o)
    0x0800c578   0x0800c578   0x00000438   Code   RO         8084    i.__ieee754_rem_pio2  m_wm.l(rred.o)
    0x0800c9b0   0x0800c9b0   0x00000170   Code   RO         8062    i.__kernel_cos      m_wm.l(cos_i.o)
    0x0800cb20   0x0800cb20   0x000000f8   Code   RO         8081    i.__kernel_poly     m_wm.l(poly.o)
    0x0800cc18   0x0800cc18   0x00000130   Code   RO         8089    i.__kernel_sin      m_wm.l(sin_i.o)
    0x0800cd48   0x0800cd48   0x00000030   Code   RO         8065    i.__mathlib_dbl_divzero  m_wm.l(dunder.o)
    0x0800cd78   0x0800cd78   0x00000014   Code   RO         8066    i.__mathlib_dbl_infnan  m_wm.l(dunder.o)
    0x0800cd8c   0x0800cd8c   0x00000014   Code   RO         8067    i.__mathlib_dbl_infnan2  m_wm.l(dunder.o)
    0x0800cda0   0x0800cda0   0x00000020   Code   RO         8068    i.__mathlib_dbl_invalid  m_wm.l(dunder.o)
    0x0800cdc0   0x0800cdc0   0x00000020   Code   RO         8069    i.__mathlib_dbl_overflow  m_wm.l(dunder.o)
    0x0800cde0   0x0800cde0   0x00000020   Code   RO         8071    i.__mathlib_dbl_underflow  m_wm.l(dunder.o)
    0x0800ce00   0x0800ce00   0x0000000e   Code   RO         8158    i.__scatterload_copy  mc_w.l(handlers.o)
    0x0800ce0e   0x0800ce0e   0x00000002   Code   RO         8159    i.__scatterload_null  mc_w.l(handlers.o)
    0x0800ce10   0x0800ce10   0x0000000e   Code   RO         8160    i.__scatterload_zeroinit  mc_w.l(handlers.o)
    0x0800ce1e   0x0800ce1e   0x00000002   PAD
    0x0800ce20   0x0800ce20   0x0000000c   Code   RO         8134    i.__set_errno       mc_w.l(errno.o)
    0x0800ce2c   0x0800ce2c   0x00000298   Code   RO         3032    i.break_control     break.o
    0x0800d0c4   0x0800d0c4   0x00000214   Code   RO         3033    i.break_init        break.o
    0x0800d2d8   0x0800d2d8   0x00000002   Code   RO         2241    i.disturbB0_send_control  can2_send.o
    0x0800d2da   0x0800d2da   0x00000002   PAD
    0x0800d2dc   0x0800d2dc   0x00000088   Code   RO         2352    i.exclude_B0_disturb  chassis_control.o
    0x0800d364   0x0800d364   0x00000018   Code   RO         7718    i.fabs              m_wm.l(fabs.o)
    0x0800d37c   0x0800d37c   0x00000040   Code   RO            7    i.main              main.o
    0x0800d3bc   0x0800d3bc   0x0000000e   Code   RO         6973    i.makeFreeRtosPriority  cmsis_os.o
    0x0800d3ca   0x0800d3ca   0x00000018   Code   RO         6975    i.osDelay           cmsis_os.o
    0x0800d3e2   0x0800d3e2   0x0000000a   Code   RO         6978    i.osKernelStart     cmsis_os.o
    0x0800d3ec   0x0800d3ec   0x0000005e   Code   RO         7012    i.osThreadCreate    cmsis_os.o
    0x0800d44a   0x0800d44a   0x00000002   PAD
    0x0800d44c   0x0800d44c   0x00000098   Code   RO         6650    i.prvAddCurrentTaskToDelayedList  tasks.o
    0x0800d4e4   0x0800d4e4   0x000000b4   Code   RO         6651    i.prvAddNewTaskToReadyList  tasks.o
    0x0800d598   0x0800d598   0x00000048   Code   RO         6652    i.prvCheckTasksWaitingTermination  tasks.o
    0x0800d5e0   0x0800d5e0   0x0000002a   Code   RO         6316    i.prvCopyDataFromQueue  queue.o
    0x0800d60a   0x0800d60a   0x0000007e   Code   RO         6317    i.prvCopyDataToQueue  queue.o
    0x0800d688   0x0800d688   0x00000050   Code   RO         6653    i.prvDeleteTCB      tasks.o
    0x0800d6d8   0x0800d6d8   0x0000007c   Code   RO         7340    i.prvHeapInit       heap_4.o
    0x0800d754   0x0800d754   0x00000028   Code   RO         6654    i.prvIdleTask       tasks.o
    0x0800d77c   0x0800d77c   0x00000026   Code   RO         6320    i.prvInitialiseNewQueue  queue.o
    0x0800d7a2   0x0800d7a2   0x000000b4   Code   RO         6655    i.prvInitialiseNewTask  tasks.o
    0x0800d856   0x0800d856   0x00000002   PAD
    0x0800d858   0x0800d858   0x00000068   Code   RO         6656    i.prvInitialiseTaskLists  tasks.o
    0x0800d8c0   0x0800d8c0   0x00000068   Code   RO         7341    i.prvInsertBlockIntoFreeList  heap_4.o
    0x0800d928   0x0800d928   0x0000001a   Code   RO         6321    i.prvIsQueueEmpty   queue.o
    0x0800d942   0x0800d942   0x00000002   PAD
    0x0800d944   0x0800d944   0x00000034   Code   RO         6657    i.prvResetNextTaskUnblockTime  tasks.o
    0x0800d978   0x0800d978   0x00000040   Code   RO         7403    i.prvTaskExitError  port.o
    0x0800d9b8   0x0800d9b8   0x0000007e   Code   RO         6323    i.prvUnlockQueue    queue.o
    0x0800da36   0x0800da36   0x00000002   PAD
    0x0800da38   0x0800da38   0x0000013c   Code   RO         7342    i.pvPortMalloc      heap_4.o
    0x0800db74   0x0800db74   0x0000002c   Code   RO         7404    i.pxPortInitialiseStack  port.o
    0x0800dba0   0x0800dba0   0x0000006e   Code   RO         8097    i.sqrt              m_wm.l(sqrt_full.o)
    0x0800dc0e   0x0800dc0e   0x00000002   PAD
    0x0800dc10   0x0800dc10   0x00000124   Code   RO         2935    i.user_Calculate_Heat  heat_control.o
    0x0800dd34   0x0800dd34   0x00000028   Code   RO         6276    i.uxListRemove      list.o
    0x0800dd5c   0x0800dd5c   0x00000018   Code   RO          248    i.vApplicationGetIdleTaskMemory  freertos.o
    0x0800dd74   0x0800dd74   0x0000001a   Code   RO         6277    i.vListInitialise   list.o
    0x0800dd8e   0x0800dd8e   0x00000006   Code   RO         6278    i.vListInitialiseItem  list.o
    0x0800dd94   0x0800dd94   0x00000034   Code   RO         6279    i.vListInsert       list.o
    0x0800ddc8   0x0800ddc8   0x00000018   Code   RO         6280    i.vListInsertEnd    list.o
    0x0800dde0   0x0800dde0   0x00000054   Code   RO         7406    i.vPortEnterCritical  port.o
    0x0800de34   0x0800de34   0x0000003c   Code   RO         7407    i.vPortExitCritical  port.o
    0x0800de70   0x0800de70   0x00000094   Code   RO         7343    i.vPortFree         heap_4.o
    0x0800df04   0x0800df04   0x00000028   Code   RO         7408    i.vPortSetupTimerInterrupt  port.o
    0x0800df2c   0x0800df2c   0x00000078   Code   RO         7409    i.vPortValidateInterruptPriority  port.o
    0x0800dfa4   0x0800dfa4   0x0000005c   Code   RO         6665    i.vTaskDelay        tasks.o
    0x0800e000   0x0800e000   0x000000d4   Code   RO         6666    i.vTaskDelayUntil   tasks.o
    0x0800e0d4   0x0800e0d4   0x000000f4   Code   RO         6667    i.vTaskDelete       tasks.o
    0x0800e1c8   0x0800e1c8   0x00000018   Code   RO         6669    i.vTaskInternalSetTimeOutState  tasks.o
    0x0800e1e0   0x0800e1e0   0x0000000c   Code   RO         6670    i.vTaskMissedYield  tasks.o
    0x0800e1ec   0x0800e1ec   0x00000038   Code   RO         6672    i.vTaskPlaceOnEventList  tasks.o
    0x0800e224   0x0800e224   0x000000b0   Code   RO         6679    i.vTaskStartScheduler  tasks.o
    0x0800e2d4   0x0800e2d4   0x00000010   Code   RO         6681    i.vTaskSuspendAll   tasks.o
    0x0800e2e4   0x0800e2e4   0x0000008c   Code   RO         6682    i.vTaskSwitchContext  tasks.o
    0x0800e370   0x0800e370   0x00000168   Code   RO         7410    i.xPortStartScheduler  port.o
    0x0800e4d8   0x0800e4d8   0x00000060   Code   RO         6332    i.xQueueGenericCreate  queue.o
    0x0800e538   0x0800e538   0x00000098   Code   RO         6334    i.xQueueGenericReset  queue.o
    0x0800e5d0   0x0800e5d0   0x000000f8   Code   RO         6336    i.xQueueGenericSendFromISR  queue.o
    0x0800e6c8   0x0800e6c8   0x00000168   Code   RO         6342    i.xQueueReceive     queue.o
    0x0800e830   0x0800e830   0x0000008c   Code   RO         6683    i.xTaskCheckForTimeOut  tasks.o
    0x0800e8bc   0x0800e8bc   0x00000064   Code   RO         6684    i.xTaskCreate       tasks.o
    0x0800e920   0x0800e920   0x000000ba   Code   RO         6685    i.xTaskCreateStatic  tasks.o
    0x0800e9da   0x0800e9da   0x00000002   PAD
    0x0800e9dc   0x0800e9dc   0x00000020   Code   RO         6689    i.xTaskGetSchedulerState  tasks.o
    0x0800e9fc   0x0800e9fc   0x0000000c   Code   RO         6690    i.xTaskGetTickCount  tasks.o
    0x0800ea08   0x0800ea08   0x00000148   Code   RO         6692    i.xTaskIncrementTick  tasks.o
    0x0800eb50   0x0800eb50   0x000000c8   Code   RO         6695    i.xTaskPriorityDisinherit  tasks.o
    0x0800ec18   0x0800ec18   0x00000098   Code   RO         6697    i.xTaskRemoveFromEventList  tasks.o
    0x0800ecb0   0x0800ecb0   0x00000104   Code   RO         6698    i.xTaskResumeAll    tasks.o
    0x0800edb4   0x0800edb4   0x000000e0   Data   RO          250    .constdata          freertos.o
    0x0800ee94   0x0800ee94   0x00000302   Data   RO         1459    .constdata          rm_judgesystem.o
    0x0800f196   0x0800f196   0x00000008   Data   RO         4110    .constdata          stm32f4xx_hal_dma.o
    0x0800f19e   0x0800f19e   0x00000018   Data   RO         7483    .constdata          system_stm32f4xx.o
    0x0800f1b6   0x0800f1b6   0x00000002   PAD
    0x0800f1b8   0x0800f1b8   0x00000050   Data   RO         7691    .constdata          m_wm.l(asin.o)
    0x0800f208   0x0800f208   0x00000058   Data   RO         7705    .constdata          m_wm.l(exp.o)
    0x0800f260   0x0800f260   0x00000038   Data   RO         7725    .constdata          m_wm.l(log.o)
    0x0800f298   0x0800f298   0x00000088   Data   RO         7739    .constdata          m_wm.l(pow.o)
    0x0800f320   0x0800f320   0x00000030   Data   RO         8063    .constdata          m_wm.l(cos_i.o)
    0x0800f350   0x0800f350   0x00000008   Data   RO         8083    .constdata          m_wm.l(qnan.o)
    0x0800f358   0x0800f358   0x000000c8   Data   RO         8086    .constdata          m_wm.l(rred.o)
    0x0800f420   0x0800f420   0x00000028   Data   RO         8090    .constdata          m_wm.l(sin_i.o)
    0x0800f448   0x0800f448   0x00000098   Data   RO          251    .conststring        freertos.o
    0x0800f4e0   0x0800f4e0   0x00000020   Data   RO         8156    Region$$Table       anon$$obj.o


    Execution Region RW_IRAM2 (Exec base: 0x10000000, Load base: 0x0800f630, Size: 0x00000000, Max: 0x00010000, ABSOLUTE)

    **** No section assigned to this execution region ****


    Execution Region RW_IRAM1 (Exec base: 0x20000000, Load base: 0x0800f500, Size: 0x00007040, Max: 0x00030000, ABSOLUTE, COMPRESSED[0x00000130])

    Exec Addr    Load Addr    Size         Type   Attr      Idx    E Section Name        Object

    0x20000000   COMPRESSED   0x00000028   Data   RW          252    .data               freertos.o
    0x20000028   COMPRESSED   0x00000004   Data   RW          501    .data               can.o
    0x2000002c   COMPRESSED   0x00000002   Data   RW         1265    .data               peswitch.o
    0x2000002e   COMPRESSED   0x0000005a   Data   RW         1460    .data               rm_judgesystem.o
    0x20000088   COMPRESSED   0x00000010   Data   RW         2063    .data               dji_c_imu.o
    0x20000098   COMPRESSED   0x00000004   Data   RW         2143    .data               limit_switch.o
    0x2000009c   COMPRESSED   0x00000004   Data   RW         2177    .data               sensor.o
    0x200000a0   COMPRESSED   0x00000020   Data   RW         2243    .data               can2_send.o
    0x200000c0   COMPRESSED   0x00000074   Data   RW         2355    .data               chassis_control.o
    0x20000134   COMPRESSED   0x00000048   Data   RW         2480    .data               cloud_control.o
    0x2000017c   COMPRESSED   0x000001d0   Data   RW         2571    .data               vision_control.o
    0x2000034c   COMPRESSED   0x00000008   Data   RW         2654    .data               shoot_control.o
    0x20000354   COMPRESSED   0x00000031   Data   RW         2701    .data               robots_control.o
    0x20000385   COMPRESSED   0x00000003   PAD
    0x20000388   COMPRESSED   0x00000010   Data   RW         2891    .data               driver_control.o
    0x20000398   COMPRESSED   0x0000000c   Data   RW         2936    .data               heat_control.o
    0x200003a4   COMPRESSED   0x0000001c   Data   RW         2973    .data               attack_control.o
    0x200003c0   COMPRESSED   0x0000001f   Data   RW         3035    .data               break.o
    0x200003df   COMPRESSED   0x00000001   PAD
    0x200003e0   COMPRESSED   0x0000000c   Data   RW         3133    .data               pid_position.o
    0x200003ec   COMPRESSED   0x0000000c   Data   RW         3181    .data               pid_increment.o
    0x200003f8   COMPRESSED   0x00000009   Data   RW         4562    .data               stm32f4xx_hal.o
    0x20000401   COMPRESSED   0x00000003   PAD
    0x20000404   COMPRESSED   0x0000003c   Data   RW         6701    .data               tasks.o
    0x20000440   COMPRESSED   0x00000018   Data   RW         7348    .data               heap_4.o
    0x20000458   COMPRESSED   0x0000000c   Data   RW         7411    .data               port.o
    0x20000464   COMPRESSED   0x00000004   Data   RW         7484    .data               system_stm32f4xx.o
    0x20000468   COMPRESSED   0x00000004   Data   RW         8135    .data               mc_w.l(errno.o)
    0x2000046c        -       0x00000258   Zero   RW          249    .bss                freertos.o
    0x200006c4        -       0x00000050   Zero   RW          500    .bss                can.o
    0x20000714        -       0x00000010   Zero   RW          572    .bss                rng.o
    0x20000724        -       0x00000040   Zero   RW          614    .bss                tim.o
    0x20000764        -       0x000002c0   Zero   RW          660    .bss                usart.o
    0x20000a24        -       0x00000048   Zero   RW          733    .bss                stm32f4xx_it.o
    0x20000a6c        -       0x00000040   Zero   RW          859    .bss                stm32f4xx_hal_timebase_tim.o
    0x20000aac        -       0x00000020   Zero   RW          924    .bss                user_can.o
    0x20000acc        -       0x00000350   Zero   RW          973    .bss                gm6020.o
    0x20000e1c        -       0x00000530   Zero   RW         1024    .bss                m3508.o
    0x2000134c        -       0x00000024   Zero   RW         1118    .bss                dr16.o
    0x20001370        -       0x00000050   Zero   RW         1162    .bss                vision.o
    0x200013c0        -       0x00000340   Zero   RW         1296    .bss                m2006.o
    0x20001700        -       0x0000007c   Zero   RW         1331    .bss                encoder.o
    0x2000177c        -       0x00000c17   Zero   RW         1458    .bss                rm_judgesystem.o
    0x20002393   COMPRESSED   0x00000001   PAD
    0x20002394        -       0x00000064   Zero   RW         1979    .bss                ano.o
    0x200023f8        -       0x000001b0   Zero   RW         2062    .bss                dji_c_imu.o
    0x200025a8        -       0x00000088   Zero   RW         2176    .bss                sensor.o
    0x20002630        -       0x00000039   Zero   RW         2242    .bss                can2_send.o
    0x20002669   COMPRESSED   0x00000003   PAD
    0x2000266c        -       0x000000c4   Zero   RW         2353    .bss                chassis_control.o
    0x20002730        -       0x000000d0   Zero   RW         2478    .bss                cloud_control.o
    0x20002800        -       0x000005c8   Zero   RW         2570    .bss                vision_control.o
    0x20002dc8        -       0x00000024   Zero   RW         2652    .bss                shoot_control.o
    0x20002dec        -       0x00000048   Zero   RW         2700    .bss                robots_control.o
    0x20002e34        -       0x0000001c   Zero   RW         2787    .bss                powerlimit_control.o
    0x20002e50        -       0x00000030   Zero   RW         2890    .bss                driver_control.o
    0x20002e80        -       0x00000010   Zero   RW         2972    .bss                attack_control.o
    0x20002e90        -       0x000000c0   Zero   RW         3034    .bss                break.o
    0x20002f50        -       0x000000f0   Zero   RW         6700    .bss                tasks.o
    0x20003040        -       0x00003c00   Zero   RW         7347    .bss                heap_4.o
    0x20006c40        -       0x00000400   Zero   RW         7515    STACK               startup_stm32f427xx.o


==============================================================================

Image component sizes


      Code (inc. data)   RO Data    RW Data    ZI Data      Debug   Object Name

       516         30          0          0        100       2153   ano.o
       720        140          0         28         16       5140   attack_control.o
      1196         92          0         31        192       2776   break.o
       492         42          0          4         80       2318   can.o
       938        174          0         32         57       9553   can2_send.o
      5612        468          0        116        196      15135   chassis_control.o
      3340        296          0         72        208       9003   cloud_control.o
       142          0          0          0          0      22751   cmsis_os.o
       488         50          0         16        432       3246   dji_c_imu.o
        72          6          0          0          0        742   dma.o
       440         14          0          0         36       2309   dr16.o
      1012         52          0         16         48       4247   driver_control.o
       140          4          0          0        124       1730   encoder.o
         0          0          0          0          0      18844   event_groups.o
        26          0          0          0          0        600   filter_fuction.o
      1342        200        376         40        600      34383   freertos.o
       668         12          0          0        848       4739   gm6020.o
       228          8          0          0          0        991   gpio.o
       692         62          0         24      15360       7235   heap_4.o
       292         32          0         12          0       1487   heat_control.o
      1032          6          0          0          0       3468   kalman.o
        64          8          0          4          0       1102   limit_switch.o
       148          0          0          0          0       3490   list.o
         0          0          0          0        832       1237   m2006.o
       400         10          0          0       1328       3014   m3508.o
       270         16          0          0          0     777124   main.o
        40          8          0          2          0       1022   peswitch.o
       770         12          0         12          0       4565   pid_increment.o
       666         12          0         12          0       4329   pid_position.o
      1014         92          0         12          0      11841   port.o
       492         36          0          0         28       2712   powerlimit_control.o
      1214         10          0          0          0      12806   queue.o
        36          4          0          0          0        634   random_gain.o
      1388        132        770         90       3095      30068   rm_judgesystem.o
        84         18          0          0         16       1391   rng.o
      1796        116          0         49         72      10972   robots_control.o
       626         70          0          0          0       2690   robots_detection.o
       444         30          0          4        136       4068   sensor.o
       608         70          0          8         36       2096   shoot_control.o
        36          8        428          0       1024        788   startup_stm32f427xx.o
       136         24          0          9          0       8758   stm32f4xx_hal.o
      2092          6          0          0          0      13248   stm32f4xx_hal_can.o
       252         22          0          0          0      33602   stm32f4xx_hal_cortex.o
       644         10          8          0          0       4894   stm32f4xx_hal_dma.o
       556         54          0          0          0       2295   stm32f4xx_hal_gpio.o
        72          4          0          0          0        798   stm32f4xx_hal_msp.o
      1868         94          0          0          0       6145   stm32f4xx_hal_rcc.o
       200          0          0          0          0       2584   stm32f4xx_hal_rng.o
      1012         46          0          0          0       8469   stm32f4xx_hal_tim.o
       184         30          0          0          0       2433   stm32f4xx_hal_tim_ex.o
       140         18          0          0         64       1395   stm32f4xx_hal_timebase_tim.o
      1814         12          0          0          0       7703   stm32f4xx_hal_uart.o
       312         64          0          0         72       7311   stm32f4xx_it.o
         0          0          0          0          0        432   stream_buffer.o
        28          4         24          4          0       1083   system_stm32f4xx.o
      3242        400          0         60        240      28204   tasks.o
       256         22          0          0         64       1705   tim.o
      1232        118          0          0        704       4520   usart.o
       296         24          0          0         32       3326   user_can.o
       240          6          0          0          0       2133   user_math.o
        68          0          0          0          0        990   user_uart.o
         0          0          0          0         80       4750   vision.o
      3240        322          0        464       1480       9768   vision_control.o

    ----------------------------------------------------------------------
     47428       3620       1640       1128      27604    1185345   Object Totals
         0          0         32          0          0          0   (incl. Generated)
        60          0          2          7          4          0   (incl. Padding)

    ----------------------------------------------------------------------

      Code (inc. data)   RO Data    RW Data    ZI Data      Debug   Library Member Name

       264          0          0          0          0      18250   arm_mat_add_f32.o
         8          0          0          0          0        999   arm_mat_init_f32.o
      1328          4          0          0          0       4782   arm_mat_inverse_f32.o
       316          4          0          0          0       2375   arm_mat_mult_f32.o
       264          0          0          0          0       1826   arm_mat_sub_f32.o
       276          0          0          0          0       2240   arm_mat_trans_f32.o
       864         94         80          0          0        280   asin.o
       368         46         48          0          0        200   cos_i.o
       184         44          0          0          0        744   dunder.o
       856        142         88          0          0        288   exp.o
        44          0          0          0          0        248   fabs.o
        48          0          0          0          0        124   fpclassify.o
       964         92         56          0          0        316   log.o
       248          0          0          0          0        152   poly.o
      3152        296        136          0          0        352   pow.o
         0          0          8          0          0          0   qnan.o
      1080        142        200          0          0        188   rred.o
       200         20          0          0          0        164   sin.o
       304         24         40          0          0        208   sin_i.o
       110          0          0          0          0        148   sqrt_full.o
        86          0          0          0          0          0   __dczerorl2.o
         0          0          0          0          0          0   entry.o
         0          0          0          0          0          0   entry10a.o
         0          0          0          0          0          0   entry11a.o
         8          4          0          0          0          0   entry2.o
         4          0          0          0          0          0   entry5.o
         0          0          0          0          0          0   entry7b.o
         0          0          0          0          0          0   entry8b.o
         8          4          0          0          0          0   entry9a.o
        12          6          0          4          0         68   errno.o
        30          0          0          0          0          0   handlers.o
        36          8          0          0          0         68   init.o
         0          0          0          0          0          0   iusefp.o
        30          0          0          0          0         68   llshl.o
        36          0          0          0          0         68   llsshr.o
        32          0          0          0          0         68   llushr.o
        36          0          0          0          0         68   memcpya.o
        36          0          0          0          0        108   memseta.o
        98          0          0          0          0         92   uldiv.o
        48          0          0          0          0         68   cdcmple.o
        48          0          0          0          0         68   cdrcmple.o
        56          0          0          0          0         88   d2f.o
       334          0          0          0          0        148   dadd.o
       222          0          0          0          0        100   ddiv.o
       186          0          0          0          0        176   depilogue.o
        62          0          0          0          0         80   dfixi.o
        50          0          0          0          0         76   dfixui.o
        34          0          0          0          0         76   dflti.o
        26          0          0          0          0         76   dfltui.o
       228          0          0          0          0         96   dmul.o
        46          0          0          0          0         80   dscalb.o
       162          0          0          0          0        100   dsqrt.o
        38          0          0          0          0         68   f2d.o
       110          0          0          0          0        168   fepilogue.o

    ----------------------------------------------------------------------
     12996        934        656          4          0      35960   Library Totals
        16          4          0          0          0          0   (incl. Padding)

    ----------------------------------------------------------------------

      Code (inc. data)   RO Data    RW Data    ZI Data      Debug   Library Name

      2456          8          0          0          0      30472   arm_cortexM4lf_math.lib
      8422        900        656          0          0       3412   m_wm.l
       452         22          0          4          0        608   mc_w.l
      1650          0          0          0          0       1468   mf_w.l

    ----------------------------------------------------------------------
     12996        934        656          4          0      35960   Library Totals

    ----------------------------------------------------------------------

==============================================================================


      Code (inc. data)   RO Data    RW Data    ZI Data      Debug   

     60424       4554       2296       1132      27604    1189549   Grand Totals
     60424       4554       2296        304      27604    1189549   ELF Image Totals (compressed)
     60424       4554       2296        304          0          0   ROM Totals

==============================================================================

    Total RO  Size (Code + RO Data)                62720 (  61.25kB)
    Total RW  Size (RW Data + ZI Data)             28736 (  28.06kB)
    Total ROM Size (Code + RO Data + RW Data)      63024 (  61.55kB)

==============================================================================

